11-18 16:36:16.612  9137  9156 I TestRunner: started: order_reset_after_cancel_from_accompaniment_menu(com.example.lunchtray.OrderFunctionalityTests)
11-18 16:36:16.615  9137  9156 W Settings: Setting always_finish_activities has moved from android.provider.Settings.System to android.provider.Settings.Global, returning read-only value.
11-18 16:36:16.619   798   893 D SplashScreenView: Build android.window.SplashScreenView{7f018d3 V.E...... ......ID 0,0-0,0}
11-18 16:36:16.619   798   893 D SplashScreenView: Icon: view: null drawable: null size: 0
11-18 16:36:16.619   798   893 D SplashScreenView: Branding: view: android.view.View{efd0c10 G.ED..... ......I. 0,0-0,0 #10204d9 android:id/splashscreen_branding_view} drawable: null size w: 0 h: 0
11-18 16:36:16.625   353 28951 W RanchuHwc: presentDisplay display has no layers to compose, flushing client target buffer.
11-18 16:36:16.629   352   352 D goldfish-address-space: claimShared: Ask to claim region [0x1f1250000 0x1f1b78000]
11-18 16:36:16.637   352   352 D goldfish-address-space: claimShared: Ask to claim region [0x1f1b78000 0x1f24a0000]
11-18 16:36:16.638   798   894 W Parcel  : Expecting binder but got null!
11-18 16:36:16.641   353 28951 W RanchuHwc: presentDisplay display has no layers to compose, flushing client target buffer.
11-18 16:36:16.651  9137  9137 D LifecycleMonitor: Lifecycle status change: androidx.test.core.app.InstrumentationActivityInvoker$BootstrapActivity@8f5d6fc in: PRE_ON_CREATE
11-18 16:36:16.652  9137  9137 V ActivityScenario: Activity lifecycle changed event received but ignored because the intent does not match. startActivityIntent=Intent { act=android.intent.action.MAIN cat=[android.intent.category.LAUNCHER] cmp=com.example.lunchtray/androidx.fragment.app.testing.FragmentScenario$EmptyFragmentActivity (has extras) }, activity.getIntent()=Intent { act=android.intent.action.MAIN cat=[android.intent.category.LAUNCHER] flg=0x10008000 cmp=com.example.lunchtray/androidx.test.core.app.InstrumentationActivityInvoker$BootstrapActivity (has extras) }, activity=androidx.test.core.app.InstrumentationActivityInvoker$BootstrapActivity@8f5d6fc
11-18 16:36:16.652  9137  9137 V ActivityScenario: Activity lifecycle changed event received but ignored because the intent does not match. startActivityIntent=Intent { act=android.intent.action.MAIN cat=[android.intent.category.LAUNCHER] cmp=com.example.lunchtray/.MainActivity }, activity.getIntent()=Intent { act=android.intent.action.MAIN cat=[android.intent.category.LAUNCHER] flg=0x10008000 cmp=com.example.lunchtray/androidx.test.core.app.InstrumentationActivityInvoker$BootstrapActivity (has extras) }, activity=androidx.test.core.app.InstrumentationActivityInvoker$BootstrapActivity@8f5d6fc
11-18 16:36:16.653   352   352 D goldfish-address-space: claimShared: Ask to claim region [0x1f24a0000 0x1f2dc8000]
11-18 16:36:16.658   353 28951 W RanchuHwc: presentDisplay display has no layers to compose, flushing client target buffer.
11-18 16:36:16.662  9137  9137 D LifecycleMonitor: Lifecycle status change: androidx.test.core.app.InstrumentationActivityInvoker$BootstrapActivity@8f5d6fc in: CREATED
11-18 16:36:16.662  9137  9137 V ActivityScenario: Activity lifecycle changed event received but ignored because the intent does not match. startActivityIntent=Intent { act=android.intent.action.MAIN cat=[android.intent.category.LAUNCHER] cmp=com.example.lunchtray/androidx.fragment.app.testing.FragmentScenario$EmptyFragmentActivity (has extras) }, activity.getIntent()=Intent { act=android.intent.action.MAIN cat=[android.intent.category.LAUNCHER] flg=0x10008000 cmp=com.example.lunchtray/androidx.test.core.app.InstrumentationActivityInvoker$BootstrapActivity (has extras) }, activity=androidx.test.core.app.InstrumentationActivityInvoker$BootstrapActivity@8f5d6fc
11-18 16:36:16.662  9137  9137 V ActivityScenario: Activity lifecycle changed event received but ignored because the intent does not match. startActivityIntent=Intent { act=android.intent.action.MAIN cat=[android.intent.category.LAUNCHER] cmp=com.example.lunchtray/.MainActivity }, activity.getIntent()=Intent { act=android.intent.action.MAIN cat=[android.intent.category.LAUNCHER] flg=0x10008000 cmp=com.example.lunchtray/androidx.test.core.app.InstrumentationActivityInvoker$BootstrapActivity (has extras) }, activity=androidx.test.core.app.InstrumentationActivityInvoker$BootstrapActivity@8f5d6fc
11-18 16:36:16.663  9137  9137 D LifecycleMonitor: Lifecycle status change: androidx.test.core.app.InstrumentationActivityInvoker$BootstrapActivity@8f5d6fc in: STARTED
11-18 16:36:16.664  9137  9137 V ActivityScenario: Activity lifecycle changed event received but ignored because the intent does not match. startActivityIntent=Intent { act=android.intent.action.MAIN cat=[android.intent.category.LAUNCHER] cmp=com.example.lunchtray/androidx.fragment.app.testing.FragmentScenario$EmptyFragmentActivity (has extras) }, activity.getIntent()=Intent { act=android.intent.action.MAIN cat=[android.intent.category.LAUNCHER] flg=0x10008000 cmp=com.example.lunchtray/androidx.test.core.app.InstrumentationActivityInvoker$BootstrapActivity (has extras) }, activity=androidx.test.core.app.InstrumentationActivityInvoker$BootstrapActivity@8f5d6fc
11-18 16:36:16.664  9137  9137 V ActivityScenario: Activity lifecycle changed event received but ignored because the intent does not match. startActivityIntent=Intent { act=android.intent.action.MAIN cat=[android.intent.category.LAUNCHER] cmp=com.example.lunchtray/.MainActivity }, activity.getIntent()=Intent { act=android.intent.action.MAIN cat=[android.intent.category.LAUNCHER] flg=0x10008000 cmp=com.example.lunchtray/androidx.test.core.app.InstrumentationActivityInvoker$BootstrapActivity (has extras) }, activity=androidx.test.core.app.InstrumentationActivityInvoker$BootstrapActivity@8f5d6fc
11-18 16:36:16.667  9137  9137 D LifecycleMonitor: Lifecycle status change: androidx.test.core.app.InstrumentationActivityInvoker$BootstrapActivity@8f5d6fc in: RESUMED
11-18 16:36:16.668  9137  9137 V ActivityScenario: Activity lifecycle changed event received but ignored because the intent does not match. startActivityIntent=Intent { act=android.intent.action.MAIN cat=[android.intent.category.LAUNCHER] cmp=com.example.lunchtray/androidx.fragment.app.testing.FragmentScenario$EmptyFragmentActivity (has extras) }, activity.getIntent()=Intent { act=android.intent.action.MAIN cat=[android.intent.category.LAUNCHER] flg=0x10008000 cmp=com.example.lunchtray/androidx.test.core.app.InstrumentationActivityInvoker$BootstrapActivity (has extras) }, activity=androidx.test.core.app.InstrumentationActivityInvoker$BootstrapActivity@8f5d6fc
11-18 16:36:16.668  9137  9137 V ActivityScenario: Activity lifecycle changed event received but ignored because the intent does not match. startActivityIntent=Intent { act=android.intent.action.MAIN cat=[android.intent.category.LAUNCHER] cmp=com.example.lunchtray/.MainActivity }, activity.getIntent()=Intent { act=android.intent.action.MAIN cat=[android.intent.category.LAUNCHER] flg=0x10008000 cmp=com.example.lunchtray/androidx.test.core.app.InstrumentationActivityInvoker$BootstrapActivity (has extras) }, activity=androidx.test.core.app.InstrumentationActivityInvoker$BootstrapActivity@8f5d6fc
11-18 16:36:16.668  9137  9137 D LifecycleMonitor: Lifecycle status change: androidx.test.core.app.InstrumentationActivityInvoker$BootstrapActivity@8f5d6fc in: PAUSED
11-18 16:36:16.669  9137  9137 V ActivityScenario: Activity lifecycle changed event received but ignored because the intent does not match. startActivityIntent=Intent { act=android.intent.action.MAIN cat=[android.intent.category.LAUNCHER] cmp=com.example.lunchtray/androidx.fragment.app.testing.FragmentScenario$EmptyFragmentActivity (has extras) }, activity.getIntent()=Intent { act=android.intent.action.MAIN cat=[android.intent.category.LAUNCHER] flg=0x10008000 cmp=com.example.lunchtray/androidx.test.core.app.InstrumentationActivityInvoker$BootstrapActivity (has extras) }, activity=androidx.test.core.app.InstrumentationActivityInvoker$BootstrapActivity@8f5d6fc
11-18 16:36:16.669  9137  9137 V ActivityScenario: Activity lifecycle changed event received but ignored because the intent does not match. startActivityIntent=Intent { act=android.intent.action.MAIN cat=[android.intent.category.LAUNCHER] cmp=com.example.lunchtray/.MainActivity }, activity.getIntent()=Intent { act=android.intent.action.MAIN cat=[android.intent.category.LAUNCHER] flg=0x10008000 cmp=com.example.lunchtray/androidx.test.core.app.InstrumentationActivityInvoker$BootstrapActivity (has extras) }, activity=androidx.test.core.app.InstrumentationActivityInvoker$BootstrapActivity@8f5d6fc
11-18 16:36:16.675   353 28951 W RanchuHwc: presentDisplay display has no layers to compose, flushing client target buffer.
11-18 16:36:16.685  9137  9137 D LifecycleMonitor: Lifecycle status change: com.example.lunchtray.MainActivity@e39b97e in: PRE_ON_CREATE
11-18 16:36:16.685  9137  9137 V ActivityScenario: Activity lifecycle changed event received but ignored because the intent does not match. startActivityIntent=Intent { act=android.intent.action.MAIN cat=[android.intent.category.LAUNCHER] cmp=com.example.lunchtray/androidx.fragment.app.testing.FragmentScenario$EmptyFragmentActivity (has extras) }, activity.getIntent()=Intent { act=android.intent.action.MAIN cat=[android.intent.category.LAUNCHER] cmp=com.example.lunchtray/.MainActivity }, activity=com.example.lunchtray.MainActivity@e39b97e
11-18 16:36:16.686  9137  9137 V ActivityScenario: Activity lifecycle changed event received but ignored because the reported transition was not ON_CREATE while the last known transition was PRE_ON_CREATE
11-18 16:36:16.691   353 28951 W RanchuHwc: presentDisplay display has no layers to compose, flushing client target buffer.
11-18 16:36:16.708   353 28951 W RanchuHwc: presentDisplay display has no layers to compose, flushing client target buffer.
11-18 16:36:16.708  1122  1607 W FrameTracker: Missed App frame:24
11-18 16:36:16.708  1122  1607 W FrameTracker: Missed SF frame:24
11-18 16:36:16.708  1122  1607 W FrameTracker: Missed SF frame:80
11-18 16:36:16.708  1122  1607 W FrameTracker: Missed SF frame:80
11-18 16:36:16.708  1122  1607 W FrameTracker: Missed SF frame:80
11-18 16:36:16.708  1122  1607 W FrameTracker: Missed SF frame:80
11-18 16:36:16.708  1122  1607 W FrameTracker: Missed SF frame:80
11-18 16:36:16.708  1122  1607 W FrameTracker: Missed SF frame:80
11-18 16:36:16.708  1122  1607 W FrameTracker: Missed SF frame:80
11-18 16:36:16.708  1122  1607 W FrameTracker: Missed SF frame:80
11-18 16:36:16.708  1122  1607 W FrameTracker: Missed SF frame:80
11-18 16:36:16.708  1122  1607 W FrameTracker: Missed SF frame:80
11-18 16:36:16.708  1122  1607 W FrameTracker: Missed SF frame:80
11-18 16:36:16.708  1122  1607 W FrameTracker: Missed SF frame:80
11-18 16:36:16.708  1122  1607 W FrameTracker: Missed SF frame:80
11-18 16:36:16.708  1122  1607 W FrameTracker: Missed SF frame:80
11-18 16:36:16.708  1122  1607 W FrameTracker: Missed SF frame:80
11-18 16:36:16.708  1122  1607 W FrameTracker: Missed SF frame:80
11-18 16:36:16.708  1122  1607 W FrameTracker: Missed SF frame:80
11-18 16:36:16.708  1122  1607 W FrameTracker: Missed SF frame:80
11-18 16:36:16.708  1122  1607 W FrameTracker: Missing SF jank callback for vsyncId: 814227
11-18 16:36:16.708  1122  1898 V PerfettoTrigger: Not triggering com.android.telemetry.interaction-jank-monitor-9 - not enough time since last trigger
11-18 16:36:16.724   353 28951 W RanchuHwc: presentDisplay display has no layers to compose, flushing client target buffer.
11-18 16:36:16.725   402   486 W TransactionTracing: Could not find layer id -1
11-18 16:36:16.737  9137  9137 W ample.lunchtray: Accessing hidden method Landroid/view/View;->computeFitSystemWindows(Landroid/graphics/Rect;Landroid/graphics/Rect;)Z (unsupported, reflection, allowed)
11-18 16:36:16.737  9137  9137 W ample.lunchtray: Accessing hidden method Landroid/view/ViewGroup;->makeOptionalFitsSystemWindows()V (unsupported, reflection, allowed)
11-18 16:36:16.741   353 28951 W RanchuHwc: presentDisplay display has no layers to compose, flushing client target buffer.
11-18 16:36:16.749  9137  9137 D LifecycleMonitor: Lifecycle status change: com.example.lunchtray.MainActivity@e39b97e in: CREATED
11-18 16:36:16.749  9137  9137 V ActivityScenario: Activity lifecycle changed event received but ignored because the intent does not match. startActivityIntent=Intent { act=android.intent.action.MAIN cat=[android.intent.category.LAUNCHER] cmp=com.example.lunchtray/androidx.fragment.app.testing.FragmentScenario$EmptyFragmentActivity (has extras) }, activity.getIntent()=Intent { act=android.intent.action.MAIN cat=[android.intent.category.LAUNCHER] cmp=com.example.lunchtray/.MainActivity }, activity=com.example.lunchtray.MainActivity@e39b97e
11-18 16:36:16.749  9137  9137 V ActivityScenario: Update currentActivityStage to CREATED, currentActivity=com.example.lunchtray.MainActivity@e39b97e
11-18 16:36:16.758   353 28951 W RanchuHwc: presentDisplay display has no layers to compose, flushing client target buffer.
11-18 16:36:16.764  9137  9137 D LifecycleMonitor: Lifecycle status change: com.example.lunchtray.MainActivity@e39b97e in: STARTED
11-18 16:36:16.765  9137  9137 V ActivityScenario: Activity lifecycle changed event received but ignored because the intent does not match. startActivityIntent=Intent { act=android.intent.action.MAIN cat=[android.intent.category.LAUNCHER] cmp=com.example.lunchtray/androidx.fragment.app.testing.FragmentScenario$EmptyFragmentActivity (has extras) }, activity.getIntent()=Intent { act=android.intent.action.MAIN cat=[android.intent.category.LAUNCHER] cmp=com.example.lunchtray/.MainActivity }, activity=com.example.lunchtray.MainActivity@e39b97e
11-18 16:36:16.765  9137  9137 V ActivityScenario: Update currentActivityStage to STARTED, currentActivity=com.example.lunchtray.MainActivity@e39b97e
11-18 16:36:16.766  9137  9137 D LifecycleMonitor: Lifecycle status change: com.example.lunchtray.MainActivity@e39b97e in: RESUMED
11-18 16:36:16.766  9137  9137 V ActivityScenario: Activity lifecycle changed event received but ignored because the intent does not match. startActivityIntent=Intent { act=android.intent.action.MAIN cat=[android.intent.category.LAUNCHER] cmp=com.example.lunchtray/androidx.fragment.app.testing.FragmentScenario$EmptyFragmentActivity (has extras) }, activity.getIntent()=Intent { act=android.intent.action.MAIN cat=[android.intent.category.LAUNCHER] cmp=com.example.lunchtray/.MainActivity }, activity=com.example.lunchtray.MainActivity@e39b97e
11-18 16:36:16.766  9137  9137 V ActivityScenario: Update currentActivityStage to RESUMED, currentActivity=com.example.lunchtray.MainActivity@e39b97e
11-18 16:36:16.775   353 28951 W RanchuHwc: presentDisplay display has no layers to compose, flushing client target buffer.
11-18 16:36:16.783   352   352 D goldfish-address-space: claimShared: Ask to claim region [0x1f2dc8000 0x1f36f0000]
11-18 16:36:16.791   353 28951 W RanchuHwc: presentDisplay display has no layers to compose, flushing client target buffer.
11-18 16:36:16.792   402   486 W TransactionTracing: Could not find layer handle 0xb4000077556e6bb0
11-18 16:36:16.795   352   352 D goldfish-address-space: claimShared: Ask to claim region [0x1f5b88000 0x1f64b0000]
11-18 16:36:16.796  9137  9158 W Parcel  : Expecting binder but got null!
11-18 16:36:16.797   537   559 W ziparchive: Unable to open '/data/app/~~0k2oT0L5F8b78nCJlF6-Ng==/com.example.lunchtray-DVPViyhBGLkPVK-HK75cuQ==/base.dm': No such file or directory
11-18 16:36:16.798   537   559 I ActivityTaskManager: Displayed com.example.lunchtray/.MainActivity: +180ms
11-18 16:36:16.802   352   352 D goldfish-address-space: claimShared: Ask to claim region [0x1f64b0000 0x1f6dd8000]
11-18 16:36:16.808   353 28951 W RanchuHwc: presentDisplay display has no layers to compose, flushing client target buffer.
11-18 16:36:16.809   402   486 W TransactionTracing: Could not find layer handle 0xb4000077556eaf30
11-18 16:36:16.809   402   486 W TransactionTracing: Could not find layer handle 0xb4000077556f0330
11-18 16:36:16.809   402   486 W TransactionTracing: Could not find layer id -1
11-18 16:36:16.809   402   486 W TransactionTracing: Could not find layer id -1
11-18 16:36:16.817  1538  1538 I GoogleInputMethodService: GoogleInputMethodService.onFinishInput():3204
11-18 16:36:16.817  1538  1538 I GoogleInputMethodService: GoogleInputMethodService.updateDeviceLockedStatus():2100 checkRepeatedly = false, unlocked = true
11-18 16:36:16.817  1538  1538 I GoogleInputMethodService: GoogleInputMethodService.onStartInput():1903 onStartInput(EditorInfo{inputType=0x0(NULL) imeOptions=0x0 privateImeOptions=null actionName=UNSPECIFIED actionLabel=null actionId=0 initialSelStart=-1 initialSelEnd=-1 initialCapsMode=0x0 hintText=null label=null packageName=com.example.lunchtray fieldId=-1 fieldName=null extras=null}, false)
11-18 16:36:16.818  1538  1538 I GoogleInputMethodService: GoogleInputMethodService.updateDeviceLockedStatus():2100 checkRepeatedly = true, unlocked = true
11-18 16:36:16.825   353 28951 W RanchuHwc: presentDisplay display has no layers to compose, flushing client target buffer.
11-18 16:36:16.826   402   486 W TransactionTracing: Could not find layer handle 0xb4000077556e88f0
11-18 16:36:16.841   353 28951 W RanchuHwc: presentDisplay display has no layers to compose, flushing client target buffer.
11-18 16:36:16.847  9137  9137 I ViewInteraction: Performing 'single click' action on view view.getId() is <2131231208/com.example.lunchtray:id/start_order_btn>
11-18 16:36:16.850  1122  1122 D TaplEvents: TIS / TouchInteractionService.onInputEvent: MotionEvent { action=ACTION_DOWN, actionButton=0, id[0]=0, x[0]=540.0, y[0]=1197.5, toolType[0]=TOOL_TYPE_UNKNOWN, buttonState=BUTTON_PRIMARY, classification=NONE, metaState=0, flags=0x0, edgeFlags=0x0, pointerCount=1, historySize=0, eventTime=33638025, downTime=33638025, deviceId=-1, source=0x1002, displayId=0, eventId=-210213631 }
11-18 16:36:16.852  9137  9137 D AutofillManager: Fill dialog is enabled:false, hints=[]
11-18 16:36:16.858   353 28951 W RanchuHwc: presentDisplay display has no layers to compose, flushing client target buffer.
11-18 16:36:16.859   402   486 W TransactionTracing: Could not find layer id -1
11-18 16:36:16.874   353 28951 W RanchuHwc: presentDisplay display has no layers to compose, flushing client target buffer.
11-18 16:36:16.891   353 28951 W RanchuHwc: presentDisplay display has no layers to compose, flushing client target buffer.
11-18 16:36:16.908   353 28951 W RanchuHwc: presentDisplay display has no layers to compose, flushing client target buffer.
11-18 16:36:16.925   353 28951 W RanchuHwc: presentDisplay display has no layers to compose, flushing client target buffer.
11-18 16:36:16.941   353 28951 W RanchuHwc: presentDisplay display has no layers to compose, flushing client target buffer.
11-18 16:36:16.946  9137  9137 D LifecycleMonitor: Lifecycle status change: androidx.test.core.app.InstrumentationActivityInvoker$BootstrapActivity@8f5d6fc in: STOPPED
11-18 16:36:16.948  2044  2044 I A       : onApplyWindowInsets: systemWindowInsets=Insets{left=0, top=66, right=0, bottom=66}
11-18 16:36:16.949  2044  2044 I A       : onApplyWindowInsets: systemWindowInsets=Insets{left=0, top=66, right=0, bottom=66}
11-18 16:36:16.949  9137  9137 V ActivityScenario: Activity lifecycle changed event received but ignored because the intent does not match. startActivityIntent=Intent { act=android.intent.action.MAIN cat=[android.intent.category.LAUNCHER] cmp=com.example.lunchtray/androidx.fragment.app.testing.FragmentScenario$EmptyFragmentActivity (has extras) }, activity.getIntent()=Intent { act=android.intent.action.MAIN cat=[android.intent.category.LAUNCHER] flg=0x10008000 cmp=com.example.lunchtray/androidx.test.core.app.InstrumentationActivityInvoker$BootstrapActivity (has extras) }, activity=androidx.test.core.app.InstrumentationActivityInvoker$BootstrapActivity@8f5d6fc
11-18 16:36:16.950  9137  9137 V ActivityScenario: Activity lifecycle changed event received but ignored because the intent does not match. startActivityIntent=Intent { act=android.intent.action.MAIN cat=[android.intent.category.LAUNCHER] cmp=com.example.lunchtray/.MainActivity }, activity.getIntent()=Intent { act=android.intent.action.MAIN cat=[android.intent.category.LAUNCHER] flg=0x10008000 cmp=com.example.lunchtray/androidx.test.core.app.InstrumentationActivityInvoker$BootstrapActivity (has extras) }, activity=androidx.test.core.app.InstrumentationActivityInvoker$BootstrapActivity@8f5d6fc
11-18 16:36:16.954  1122  1122 D TaplEvents: TIS / TouchInteractionService.onInputEvent: MotionEvent { action=ACTION_UP, actionButton=0, id[0]=0, x[0]=540.0, y[0]=1197.5, toolType[0]=TOOL_TYPE_FINGER, buttonState=BUTTON_PRIMARY, classification=NONE, metaState=0, flags=0x0, edgeFlags=0x0, pointerCount=1, historySize=0, eventTime=33638127, downTime=33638025, deviceId=-1, source=0x1002, displayId=0, eventId=-391531917 }
11-18 16:36:16.955  1122  1122 D b/223498680: Workspace onOverlayScrollChanged DragLayer ALPHA_INDEX_OVERLAY=1.0
11-18 16:36:16.958   353 28951 W RanchuHwc: presentDisplay display has no layers to compose, flushing client target buffer.
11-18 16:36:16.960  2044  9172 I PBSessionCacheImpl: Deleted sessionId[8991274887880751] from persistence.
11-18 16:36:16.962  2044  2170 W SearchServiceCore: Abort, client detached.
11-18 16:36:16.962   402   486 W TransactionTracing: Could not find layer handle 0xb4000077556ea7b0
11-18 16:36:16.962   402   486 W TransactionTracing: Could not find layer handle 0xb4000077556e7210
11-18 16:36:16.974   353 28951 W RanchuHwc: presentDisplay display has no layers to compose, flushing client target buffer.
11-18 16:36:16.975   402   486 W TransactionTracing: Could not find layer handle 0xb4000077556e93d0
11-18 16:36:16.975   402   486 W TransactionTracing: Could not find layer handle 0xb4000077556ee1d0
11-18 16:36:16.992   353 28951 W RanchuHwc: presentDisplay display has no layers to compose, flushing client target buffer.
11-18 16:36:17.008   353 28951 W RanchuHwc: presentDisplay display has no layers to compose, flushing client target buffer.
11-18 16:36:17.024   353 28951 W RanchuHwc: presentDisplay display has no layers to compose, flushing client target buffer.
11-18 16:36:17.033 10478  6400 I Icing   : Indexing com.google.android.gms-apps from com.google.android.gms
11-18 16:36:17.039 10478  6400 I Icing   : Indexing done com.google.android.gms-apps
11-18 16:36:17.041   353 28951 W RanchuHwc: presentDisplay display has no layers to compose, flushing client target buffer.
11-18 16:36:17.053 10478  6400 I Icing   : Indexing com.google.android.gms-internal.3p:MobileApplication from com.google.android.gms
11-18 16:36:17.058   353 28951 W RanchuHwc: presentDisplay display has no layers to compose, flushing client target buffer.
11-18 16:36:17.061 10478  6400 I Icing   : Indexing done com.google.android.gms-internal.3p:MobileApplication
11-18 16:36:17.061 10478  6400 I Icing   : Indexing com.google.android.gms-apps from com.google.android.gms
11-18 16:36:17.061 10478  6400 I Icing   : Indexing done com.google.android.gms-apps
11-18 16:36:17.064 10478  6400 I Icing   : Indexing com.google.android.gms-apps from com.google.android.gms
11-18 16:36:17.064 10478  6400 I Icing   : Indexing done com.google.android.gms-apps
11-18 16:36:17.075   353 28951 W RanchuHwc: presentDisplay display has no layers to compose, flushing client target buffer.
11-18 16:36:17.082   537  1991 W InputManager-JNI: Input channel object '8880a8e Splash Screen com.example.lunchtray (client)' was disposed without first being removed with the input manager!
11-18 16:36:17.084 10478  6400 I Icing   : Indexing com.google.android.gms-apps from com.google.android.gms
11-18 16:36:17.086 10478  6400 I Icing   : Indexing done com.google.android.gms-apps
11-18 16:36:17.091   353 28951 W RanchuHwc: presentDisplay display has no layers to compose, flushing client target buffer.
11-18 16:36:17.108   353 28951 W RanchuHwc: presentDisplay display has no layers to compose, flushing client target buffer.
11-18 16:36:17.124   353 28951 W RanchuHwc: presentDisplay display has no layers to compose, flushing client target buffer.
11-18 16:36:17.131   798   855 W FrameTracker: Missed SF frame:16
11-18 16:36:17.131   798   855 W FrameTracker: Missed SF frame:16
11-18 16:36:17.131   798   855 W FrameTracker: Missed SF frame:16
11-18 16:36:17.131   798   855 W FrameTracker: Missed SF frame:16
11-18 16:36:17.131   798   855 W FrameTracker: Missed SF frame:16
11-18 16:36:17.131   798   855 W FrameTracker: Missed SF frame:16
11-18 16:36:17.131   798   855 W FrameTracker: Missing SF jank callback for vsyncId: 814807
11-18 16:36:17.131   798   855 W FrameTracker: Missed App frame:24
11-18 16:36:17.131   798   855 W FrameTracker: Missed SF frame:24
11-18 16:36:17.131   798   855 W FrameTracker: Missed SF frame:80
11-18 16:36:17.131   798   855 W FrameTracker: Missed SF frame:80
11-18 16:36:17.131   798   855 W FrameTracker: Missed SF frame:80
11-18 16:36:17.132   798   855 W FrameTracker: Missed SF frame:80
11-18 16:36:17.132   798   855 W FrameTracker: Missed SF frame:80
11-18 16:36:17.132   798   855 V PerfettoTrigger: Not triggering com.android.telemetry.interaction-jank-monitor-39 - not enough time since last trigger
11-18 16:36:17.141   353 28951 W RanchuHwc: presentDisplay display has no layers to compose, flushing client target buffer.
11-18 16:36:17.158   353 28951 W RanchuHwc: presentDisplay display has no layers to compose, flushing client target buffer.
11-18 16:36:17.174   353 28951 W RanchuHwc: presentDisplay display has no layers to compose, flushing client target buffer.
11-18 16:36:17.191   353 28951 W RanchuHwc: presentDisplay display has no layers to compose, flushing client target buffer.
11-18 16:36:17.208   353 28951 W RanchuHwc: presentDisplay display has no layers to compose, flushing client target buffer.
11-18 16:36:17.225   353 28951 W RanchuHwc: presentDisplay display has no layers to compose, flushing client target buffer.
11-18 16:36:17.241   353 28951 W RanchuHwc: presentDisplay display has no layers to compose, flushing client target buffer.
11-18 16:36:17.258   353 28951 W RanchuHwc: presentDisplay display has no layers to compose, flushing client target buffer.
11-18 16:36:17.258   402   486 W TransactionTracing: Could not find layer handle 0xb4000077556eab10
11-18 16:36:17.260   402   486 W TransactionTracing: Could not find layer handle 0xb4000077556ea810
11-18 16:36:17.260   402   486 W TransactionTracing: Could not find layer handle 0xb4000077556e93d0
11-18 16:36:17.261   402   486 W TransactionTracing: Could not find layer handle 0xb4000077556ea810
11-18 16:36:17.261   402   486 W TransactionTracing: Could not find layer handle 0xb4000077556e93d0
11-18 16:36:17.261   402   486 W TransactionTracing: Could not find layer id -1
11-18 16:36:17.261   402   486 W TransactionTracing: Could not find layer id -1
11-18 16:36:17.291   353 28951 W RanchuHwc: presentDisplay display has no layers to compose, flushing client target buffer.
11-18 16:36:17.307   353 28951 W RanchuHwc: presentDisplay display has no layers to compose, flushing client target buffer.
11-18 16:36:17.328  9137  9137 I ViewInteraction: Performing 'single click' action on view view.getId() is <2131230844/com.example.lunchtray:id/cauliflower>
11-18 16:36:17.330  1122  1122 D TaplEvents: TIS / TouchInteractionService.onInputEvent: MotionEvent { action=ACTION_DOWN, actionButton=0, id[0]=0, x[0]=206.0, y[0]=285.5, toolType[0]=TOOL_TYPE_UNKNOWN, buttonState=BUTTON_PRIMARY, classification=NONE, metaState=0, flags=0x0, edgeFlags=0x0, pointerCount=1, historySize=0, eventTime=33638505, downTime=33638505, deviceId=-1, source=0x1002, displayId=0, eventId=-988811205 }
11-18 16:36:17.371  1122  1122 D TaplEvents: TIS / TouchInteractionService.onInputEvent: MotionEvent { action=ACTION_UP, actionButton=0, id[0]=0, x[0]=206.0, y[0]=285.5, toolType[0]=TOOL_TYPE_FINGER, buttonState=BUTTON_PRIMARY, classification=NONE, metaState=0, flags=0x0, edgeFlags=0x0, pointerCount=1, historySize=0, eventTime=33638547, downTime=33638505, deviceId=-1, source=0x1002, displayId=0, eventId=-398073054 }
11-18 16:36:17.408   353 28951 W RanchuHwc: presentDisplay display has no layers to compose, flushing client target buffer.
11-18 16:36:17.410   798   894 D EGL_emulation: app_time_stats: avg=36.63ms min=12.54ms max=117.37ms count=28
11-18 16:36:17.425   353 28951 W RanchuHwc: presentDisplay display has no layers to compose, flushing client target buffer.
11-18 16:36:17.441   353 28951 W RanchuHwc: presentDisplay display has no layers to compose, flushing client target buffer.
11-18 16:36:17.458   353 28951 W RanchuHwc: presentDisplay display has no layers to compose, flushing client target buffer.
11-18 16:36:17.474   353 28951 W RanchuHwc: presentDisplay display has no layers to compose, flushing client target buffer.
11-18 16:36:17.491   353 28951 W RanchuHwc: presentDisplay display has no layers to compose, flushing client target buffer.
11-18 16:36:17.507   353 28951 W RanchuHwc: presentDisplay display has no layers to compose, flushing client target buffer.
11-18 16:36:17.524   353 28951 W RanchuHwc: presentDisplay display has no layers to compose, flushing client target buffer.
11-18 16:36:17.541   353 28951 W RanchuHwc: presentDisplay display has no layers to compose, flushing client target buffer.
11-18 16:36:17.558   353 28951 W RanchuHwc: presentDisplay display has no layers to compose, flushing client target buffer.
11-18 16:36:17.574   353 28951 W RanchuHwc: presentDisplay display has no layers to compose, flushing client target buffer.
11-18 16:36:17.591   353 28951 W RanchuHwc: presentDisplay display has no layers to compose, flushing client target buffer.
11-18 16:36:17.607   353 28951 W RanchuHwc: presentDisplay display has no layers to compose, flushing client target buffer.
11-18 16:36:17.624   353 28951 W RanchuHwc: presentDisplay display has no layers to compose, flushing client target buffer.
11-18 16:36:17.641   353 28951 W RanchuHwc: presentDisplay display has no layers to compose, flushing client target buffer.
11-18 16:36:17.657   353 28951 W RanchuHwc: presentDisplay display has no layers to compose, flushing client target buffer.
11-18 16:36:17.674   353 28951 W RanchuHwc: presentDisplay display has no layers to compose, flushing client target buffer.
11-18 16:36:17.678  9137  9137 I ViewInteraction: Performing 'single click' action on view view.getId() is <2131231081/com.example.lunchtray:id/next_button>
11-18 16:36:17.679  1122  1122 D TaplEvents: TIS / TouchInteractionService.onInputEvent: MotionEvent { action=ACTION_DOWN, actionButton=0, id[0]=0, x[0]=798.5, y[0]=1718.5, toolType[0]=TOOL_TYPE_UNKNOWN, buttonState=BUTTON_PRIMARY, classification=NONE, metaState=0, flags=0x0, edgeFlags=0x0, pointerCount=1, historySize=0, eventTime=33638855, downTime=33638855, deviceId=-1, source=0x1002, displayId=0, eventId=-356826926 }
11-18 16:36:17.690   353 28951 W RanchuHwc: presentDisplay display has no layers to compose, flushing client target buffer.
11-18 16:36:17.707   353 28951 W RanchuHwc: presentDisplay display has no layers to compose, flushing client target buffer.
11-18 16:36:17.720  1122  1122 D TaplEvents: TIS / TouchInteractionService.onInputEvent: MotionEvent { action=ACTION_UP, actionButton=0, id[0]=0, x[0]=798.5, y[0]=1718.5, toolType[0]=TOOL_TYPE_FINGER, buttonState=BUTTON_PRIMARY, classification=NONE, metaState=0, flags=0x0, edgeFlags=0x0, pointerCount=1, historySize=0, eventTime=33638895, downTime=33638855, deviceId=-1, source=0x1002, displayId=0, eventId=-403939170 }
11-18 16:36:17.724   353 28951 W RanchuHwc: presentDisplay display has no layers to compose, flushing client target buffer.
11-18 16:36:17.741   353 28951 W RanchuHwc: presentDisplay display has no layers to compose, flushing client target buffer.
11-18 16:36:17.757   353 28951 W RanchuHwc: presentDisplay display has no layers to compose, flushing client target buffer.
11-18 16:36:17.774   353 28951 W RanchuHwc: presentDisplay display has no layers to compose, flushing client target buffer.
11-18 16:36:17.791   353 28951 W RanchuHwc: presentDisplay display has no layers to compose, flushing client target buffer.
11-18 16:36:17.807   353 28951 W RanchuHwc: presentDisplay display has no layers to compose, flushing client target buffer.
11-18 16:36:17.808   402   486 W TransactionTracing: Could not find layer id -1
11-18 16:36:17.824   353 28951 W RanchuHwc: presentDisplay display has no layers to compose, flushing client target buffer.
11-18 16:36:17.827  9137  9158 D EGL_emulation: app_time_stats: avg=16.94ms min=1.06ms max=217.66ms count=48
11-18 16:36:17.841   353 28951 W RanchuHwc: presentDisplay display has no layers to compose, flushing client target buffer.
11-18 16:36:17.857   353 28951 W RanchuHwc: presentDisplay display has no layers to compose, flushing client target buffer.
11-18 16:36:17.874   353 28951 W RanchuHwc: presentDisplay display has no layers to compose, flushing client target buffer.
11-18 16:36:17.996  9137  9137 I ViewInteraction: Performing 'single click' action on view view.getId() is <2131231187/com.example.lunchtray:id/soup>
11-18 16:36:17.998  1122  1122 D TaplEvents: TIS / TouchInteractionService.onInputEvent: MotionEvent { action=ACTION_DOWN, actionButton=0, id[0]=0, x[0]=325.5, y[0]=616.5, toolType[0]=TOOL_TYPE_UNKNOWN, buttonState=BUTTON_PRIMARY, classification=NONE, metaState=0, flags=0x0, edgeFlags=0x0, pointerCount=1, historySize=0, eventTime=33639173, downTime=33639173, deviceId=-1, source=0x1002, displayId=0, eventId=-109968137 }
11-18 16:36:18.039  1122  1122 D TaplEvents: TIS / TouchInteractionService.onInputEvent: MotionEvent { action=ACTION_UP, actionButton=0, id[0]=0, x[0]=325.5, y[0]=616.5, toolType[0]=TOOL_TYPE_FINGER, buttonState=BUTTON_PRIMARY, classification=NONE, metaState=0, flags=0x0, edgeFlags=0x0, pointerCount=1, historySize=0, eventTime=33639214, downTime=33639173, deviceId=-1, source=0x1002, displayId=0, eventId=-236355919 }
11-18 16:36:18.058   353 28951 W RanchuHwc: presentDisplay display has no layers to compose, flushing client target buffer.
11-18 16:36:18.074   353 28951 W RanchuHwc: presentDisplay display has no layers to compose, flushing client target buffer.
11-18 16:36:18.091   353 28951 W RanchuHwc: presentDisplay display has no layers to compose, flushing client target buffer.
11-18 16:36:18.107   353 28951 W RanchuHwc: presentDisplay display has no layers to compose, flushing client target buffer.
11-18 16:36:18.124   353 28951 W RanchuHwc: presentDisplay display has no layers to compose, flushing client target buffer.
11-18 16:36:18.141   353 28951 W RanchuHwc: presentDisplay display has no layers to compose, flushing client target buffer.
11-18 16:36:18.157   353 28951 W RanchuHwc: presentDisplay display has no layers to compose, flushing client target buffer.
11-18 16:36:18.174   353 28951 W RanchuHwc: presentDisplay display has no layers to compose, flushing client target buffer.
11-18 16:36:18.175   402   486 W TransactionTracing: Could not find layer id -1
11-18 16:36:18.191   353 28951 W RanchuHwc: presentDisplay display has no layers to compose, flushing client target buffer.
11-18 16:36:18.208   353 28951 W RanchuHwc: presentDisplay display has no layers to compose, flushing client target buffer.
11-18 16:36:18.224   353 28951 W RanchuHwc: presentDisplay display has no layers to compose, flushing client target buffer.
11-18 16:36:18.241   353 28951 W RanchuHwc: presentDisplay display has no layers to compose, flushing client target buffer.
11-18 16:36:18.258   353 28951 W RanchuHwc: presentDisplay display has no layers to compose, flushing client target buffer.
11-18 16:36:18.274   353 28951 W RanchuHwc: presentDisplay display has no layers to compose, flushing client target buffer.
11-18 16:36:18.291   353 28951 W RanchuHwc: presentDisplay display has no layers to compose, flushing client target buffer.
11-18 16:36:18.292  9137  9137 I ViewInteraction: Performing 'single click' action on view view.getId() is <2131231081/com.example.lunchtray:id/next_button>
11-18 16:36:18.293  1122  1122 D TaplEvents: TIS / TouchInteractionService.onInputEvent: MotionEvent { action=ACTION_DOWN, actionButton=0, id[0]=0, x[0]=798.5, y[0]=1672.5, toolType[0]=TOOL_TYPE_UNKNOWN, buttonState=BUTTON_PRIMARY, classification=NONE, metaState=0, flags=0x0, edgeFlags=0x0, pointerCount=1, historySize=0, eventTime=33639469, downTime=33639469, deviceId=-1, source=0x1002, displayId=0, eventId=-884808344 }
11-18 16:36:18.307   353 28951 W RanchuHwc: presentDisplay display has no layers to compose, flushing client target buffer.
11-18 16:36:18.324   353 28951 W RanchuHwc: presentDisplay display has no layers to compose, flushing client target buffer.
11-18 16:36:18.336  1122  1122 D TaplEvents: TIS / TouchInteractionService.onInputEvent: MotionEvent { action=ACTION_UP, actionButton=0, id[0]=0, x[0]=798.5, y[0]=1672.5, toolType[0]=TOOL_TYPE_FINGER, buttonState=BUTTON_PRIMARY, classification=NONE, metaState=0, flags=0x0, edgeFlags=0x0, pointerCount=1, historySize=0, eventTime=33639511, downTime=33639469, deviceId=-1, source=0x1002, displayId=0, eventId=-490218819 }
11-18 16:36:18.341   353 28951 W RanchuHwc: presentDisplay display has no layers to compose, flushing client target buffer.
11-18 16:36:18.357   353 28951 W RanchuHwc: presentDisplay display has no layers to compose, flushing client target buffer.
11-18 16:36:18.374   353 28951 W RanchuHwc: presentDisplay display has no layers to compose, flushing client target buffer.
11-18 16:36:18.391   353 28951 W RanchuHwc: presentDisplay display has no layers to compose, flushing client target buffer.
11-18 16:36:18.408   353 28951 W RanchuHwc: presentDisplay display has no layers to compose, flushing client target buffer.
11-18 16:36:18.424   353 28951 W RanchuHwc: presentDisplay display has no layers to compose, flushing client target buffer.
11-18 16:36:18.442   353 28951 W RanchuHwc: presentDisplay display has no layers to compose, flushing client target buffer.
11-18 16:36:18.457   353 28951 W RanchuHwc: presentDisplay display has no layers to compose, flushing client target buffer.
11-18 16:36:18.474   353 28951 W RanchuHwc: presentDisplay display has no layers to compose, flushing client target buffer.
11-18 16:36:18.491   353 28951 W RanchuHwc: presentDisplay display has no layers to compose, flushing client target buffer.
11-18 16:36:18.611  9137  9137 I ViewInteraction: Performing 'single click' action on view view.getId() is <2131230835/com.example.lunchtray:id/bread>
11-18 16:36:18.613  1122  1122 D TaplEvents: TIS / TouchInteractionService.onInputEvent: MotionEvent { action=ACTION_DOWN, actionButton=0, id[0]=0, x[0]=196.0, y[0]=285.5, toolType[0]=TOOL_TYPE_UNKNOWN, buttonState=BUTTON_PRIMARY, classification=NONE, metaState=0, flags=0x0, edgeFlags=0x0, pointerCount=1, historySize=0, eventTime=33639788, downTime=33639788, deviceId=-1, source=0x1002, displayId=0, eventId=-548334718 }
11-18 16:36:18.655  1122  1122 D TaplEvents: TIS / TouchInteractionService.onInputEvent: MotionEvent { action=ACTION_UP, actionButton=0, id[0]=0, x[0]=196.0, y[0]=285.5, toolType[0]=TOOL_TYPE_FINGER, buttonState=BUTTON_PRIMARY, classification=NONE, metaState=0, flags=0x0, edgeFlags=0x0, pointerCount=1, historySize=0, eventTime=33639830, downTime=33639788, deviceId=-1, source=0x1002, displayId=0, eventId=-361147903 }
11-18 16:36:18.675   353 28951 W RanchuHwc: presentDisplay display has no layers to compose, flushing client target buffer.
11-18 16:36:18.691   353 28951 W RanchuHwc: presentDisplay display has no layers to compose, flushing client target buffer.
11-18 16:36:18.708   353 28951 W RanchuHwc: presentDisplay display has no layers to compose, flushing client target buffer.
11-18 16:36:18.724   353 28951 W RanchuHwc: presentDisplay display has no layers to compose, flushing client target buffer.
11-18 16:36:18.741   353 28951 W RanchuHwc: presentDisplay display has no layers to compose, flushing client target buffer.
11-18 16:36:18.758   353 28951 W RanchuHwc: presentDisplay display has no layers to compose, flushing client target buffer.
11-18 16:36:18.774   353 28951 W RanchuHwc: presentDisplay display has no layers to compose, flushing client target buffer.
11-18 16:36:18.791   353 28951 W RanchuHwc: presentDisplay display has no layers to compose, flushing client target buffer.
11-18 16:36:18.808   353 28951 W RanchuHwc: presentDisplay display has no layers to compose, flushing client target buffer.
11-18 16:36:18.825   353 28951 W RanchuHwc: presentDisplay display has no layers to compose, flushing client target buffer.
11-18 16:36:18.827  9137  9158 D EGL_emulation: app_time_stats: avg=25.01ms min=13.26ms max=186.71ms count=40
11-18 16:36:18.841   353 28951 W RanchuHwc: presentDisplay display has no layers to compose, flushing client target buffer.
11-18 16:36:18.858   353 28951 W RanchuHwc: presentDisplay display has no layers to compose, flushing client target buffer.
11-18 16:36:18.874   353 28951 W RanchuHwc: presentDisplay display has no layers to compose, flushing client target buffer.
11-18 16:36:18.891   353 28951 W RanchuHwc: presentDisplay display has no layers to compose, flushing client target buffer.
11-18 16:36:18.907   353 28951 W RanchuHwc: presentDisplay display has no layers to compose, flushing client target buffer.
11-18 16:36:18.909  9137  9137 I ViewInteraction: Performing 'single click' action on view view.getId() is <2131230842/com.example.lunchtray:id/cancel_button>
11-18 16:36:18.910  1122  1122 D TaplEvents: TIS / TouchInteractionService.onInputEvent: MotionEvent { action=ACTION_DOWN, actionButton=0, id[0]=0, x[0]=280.5, y[0]=1341.5, toolType[0]=TOOL_TYPE_UNKNOWN, buttonState=BUTTON_PRIMARY, classification=NONE, metaState=0, flags=0x0, edgeFlags=0x0, pointerCount=1, historySize=0, eventTime=33640086, downTime=33640086, deviceId=-1, source=0x1002, displayId=0, eventId=-586566584 }
11-18 16:36:18.924   353 28951 W RanchuHwc: presentDisplay display has no layers to compose, flushing client target buffer.
11-18 16:36:18.941   353 28951 W RanchuHwc: presentDisplay display has no layers to compose, flushing client target buffer.
11-18 16:36:18.950  1122  1122 D TaplEvents: TIS / TouchInteractionService.onInputEvent: MotionEvent { action=ACTION_UP, actionButton=0, id[0]=0, x[0]=280.5, y[0]=1341.5, toolType[0]=TOOL_TYPE_FINGER, buttonState=BUTTON_PRIMARY, classification=NONE, metaState=0, flags=0x0, edgeFlags=0x0, pointerCount=1, historySize=0, eventTime=33640126, downTime=33640086, deviceId=-1, source=0x1002, displayId=0, eventId=-169676537 }
11-18 16:36:18.957   353 28951 W RanchuHwc: presentDisplay display has no layers to compose, flushing client target buffer.
11-18 16:36:18.974   353 28951 W RanchuHwc: presentDisplay display has no layers to compose, flushing client target buffer.
11-18 16:36:18.991   353 28951 W RanchuHwc: presentDisplay display has no layers to compose, flushing client target buffer.
11-18 16:36:19.008   353 28951 W RanchuHwc: presentDisplay display has no layers to compose, flushing client target buffer.
11-18 16:36:19.024   353 28951 W RanchuHwc: presentDisplay display has no layers to compose, flushing client target buffer.
11-18 16:36:19.041   353 28951 W RanchuHwc: presentDisplay display has no layers to compose, flushing client target buffer.
11-18 16:36:19.057   353 28951 W RanchuHwc: presentDisplay display has no layers to compose, flushing client target buffer.
11-18 16:36:19.074   353 28951 W RanchuHwc: presentDisplay display has no layers to compose, flushing client target buffer.
11-18 16:36:19.090   353 28951 W RanchuHwc: presentDisplay display has no layers to compose, flushing client target buffer.
11-18 16:36:19.108   353 28951 W RanchuHwc: presentDisplay display has no layers to compose, flushing client target buffer.
11-18 16:36:19.226  9137  9137 I ViewInteraction: Performing 'single click' action on view view.getId() is <2131231208/com.example.lunchtray:id/start_order_btn>
11-18 16:36:19.228  1122  1122 D TaplEvents: TIS / TouchInteractionService.onInputEvent: MotionEvent { action=ACTION_DOWN, actionButton=0, id[0]=0, x[0]=540.0, y[0]=1197.5, toolType[0]=TOOL_TYPE_UNKNOWN, buttonState=BUTTON_PRIMARY, classification=NONE, metaState=0, flags=0x0, edgeFlags=0x0, pointerCount=1, historySize=0, eventTime=33640403, downTime=33640403, deviceId=-1, source=0x1002, displayId=0, eventId=-901682225 }
11-18 16:36:19.258   353 28951 W RanchuHwc: presentDisplay display has no layers to compose, flushing client target buffer.
11-18 16:36:19.269  1122  1122 D TaplEvents: TIS / TouchInteractionService.onInputEvent: MotionEvent { action=ACTION_UP, actionButton=0, id[0]=0, x[0]=540.0, y[0]=1197.5, toolType[0]=TOOL_TYPE_FINGER, buttonState=BUTTON_PRIMARY, classification=NONE, metaState=0, flags=0x0, edgeFlags=0x0, pointerCount=1, historySize=0, eventTime=33640444, downTime=33640403, deviceId=-1, source=0x1002, displayId=0, eventId=-309765451 }
11-18 16:36:19.274   353 28951 W RanchuHwc: presentDisplay display has no layers to compose, flushing client target buffer.
11-18 16:36:19.291   353 28951 W RanchuHwc: presentDisplay display has no layers to compose, flushing client target buffer.
11-18 16:36:19.307   353 28951 W RanchuHwc: presentDisplay display has no layers to compose, flushing client target buffer.
11-18 16:36:19.324   353 28951 W RanchuHwc: presentDisplay display has no layers to compose, flushing client target buffer.
11-18 16:36:19.341   353 28951 W RanchuHwc: presentDisplay display has no layers to compose, flushing client target buffer.
11-18 16:36:19.357   353 28951 W RanchuHwc: presentDisplay display has no layers to compose, flushing client target buffer.
11-18 16:36:19.374   353 28951 W RanchuHwc: presentDisplay display has no layers to compose, flushing client target buffer.
11-18 16:36:19.391   353 28951 W RanchuHwc: presentDisplay display has no layers to compose, flushing client target buffer.
11-18 16:36:19.407   353 28951 W RanchuHwc: presentDisplay display has no layers to compose, flushing client target buffer.
11-18 16:36:19.530  9137  9137 I ViewInteraction: Checking 'MatchesViewAssertion{viewMatcher=(view has effective visibility <VISIBLE> and view.getGlobalVisibleRect() to return non-empty rectangle)}' assertion on view an instance of android.widget.TextView and view.getText() with or without transformation to match: is "Subtotal: $0.00"
11-18 16:36:19.531  9137  9156 I TestRunner: finished: order_reset_after_cancel_from_accompaniment_menu(com.example.lunchtray.OrderFunctionalityTests)
