11-18 16:36:35.154  9137  9156 I TestRunner: started: order_reset_after_cancel_from_checkout(com.example.lunchtray.OrderFunctionalityTests)
11-18 16:36:35.157   353 28951 W RanchuHwc: presentDisplay display has no layers to compose, flushing client target buffer.
11-18 16:36:35.159  9137  9156 W Settings: Setting always_finish_activities has moved from android.provider.Settings.System to android.provider.Settings.Global, returning read-only value.
11-18 16:36:35.166   798   893 D SplashScreenView: Build android.window.SplashScreenView{51b1426 V.E...... ......ID 0,0-0,0}
11-18 16:36:35.166   798   893 D SplashScreenView: Icon: view: null drawable: null size: 0
11-18 16:36:35.166   798   893 D SplashScreenView: Branding: view: android.view.View{80f5867 G.ED..... ......I. 0,0-0,0 #10204d9 android:id/splashscreen_branding_view} drawable: null size w: 0 h: 0
11-18 16:36:35.174   353 28951 W RanchuHwc: presentDisplay display has no layers to compose, flushing client target buffer.
11-18 16:36:35.178  9137  9137 D LifecycleMonitor: Lifecycle status change: androidx.test.core.app.InstrumentationActivityInvoker$BootstrapActivity@c3d35e3 in: PRE_ON_CREATE
11-18 16:36:35.179  9137  9137 V ActivityScenario: Activity lifecycle changed event received but ignored because the intent does not match. startActivityIntent=Intent { act=android.intent.action.MAIN cat=[android.intent.category.LAUNCHER] cmp=com.example.lunchtray/androidx.fragment.app.testing.FragmentScenario$EmptyFragmentActivity (has extras) }, activity.getIntent()=Intent { act=android.intent.action.MAIN cat=[android.intent.category.LAUNCHER] flg=0x10008000 cmp=com.example.lunchtray/androidx.test.core.app.InstrumentationActivityInvoker$BootstrapActivity (has extras) }, activity=androidx.test.core.app.InstrumentationActivityInvoker$BootstrapActivity@c3d35e3
11-18 16:36:35.179  9137  9137 V ActivityScenario: Activity lifecycle changed event received but ignored because the intent does not match. startActivityIntent=Intent { act=android.intent.action.MAIN cat=[android.intent.category.LAUNCHER] cmp=com.example.lunchtray/.MainActivity }, activity.getIntent()=Intent { act=android.intent.action.MAIN cat=[android.intent.category.LAUNCHER] flg=0x10008000 cmp=com.example.lunchtray/androidx.test.core.app.InstrumentationActivityInvoker$BootstrapActivity (has extras) }, activity=androidx.test.core.app.InstrumentationActivityInvoker$BootstrapActivity@c3d35e3
11-18 16:36:35.181   352   352 D goldfish-address-space: claimShared: Ask to claim region [0x1f1b78000 0x1f24a0000]
11-18 16:36:35.187  9137  9137 D LifecycleMonitor: Lifecycle status change: androidx.test.core.app.InstrumentationActivityInvoker$BootstrapActivity@c3d35e3 in: CREATED
11-18 16:36:35.187  9137  9137 V ActivityScenario: Activity lifecycle changed event received but ignored because the intent does not match. startActivityIntent=Intent { act=android.intent.action.MAIN cat=[android.intent.category.LAUNCHER] cmp=com.example.lunchtray/androidx.fragment.app.testing.FragmentScenario$EmptyFragmentActivity (has extras) }, activity.getIntent()=Intent { act=android.intent.action.MAIN cat=[android.intent.category.LAUNCHER] flg=0x10008000 cmp=com.example.lunchtray/androidx.test.core.app.InstrumentationActivityInvoker$BootstrapActivity (has extras) }, activity=androidx.test.core.app.InstrumentationActivityInvoker$BootstrapActivity@c3d35e3
11-18 16:36:35.188  9137  9137 V ActivityScenario: Activity lifecycle changed event received but ignored because the intent does not match. startActivityIntent=Intent { act=android.intent.action.MAIN cat=[android.intent.category.LAUNCHER] cmp=com.example.lunchtray/.MainActivity }, activity.getIntent()=Intent { act=android.intent.action.MAIN cat=[android.intent.category.LAUNCHER] flg=0x10008000 cmp=com.example.lunchtray/androidx.test.core.app.InstrumentationActivityInvoker$BootstrapActivity (has extras) }, activity=androidx.test.core.app.InstrumentationActivityInvoker$BootstrapActivity@c3d35e3
11-18 16:36:35.188   352   352 D goldfish-address-space: claimShared: Ask to claim region [0x1f24a0000 0x1f2dc8000]
11-18 16:36:35.191   353 28951 W RanchuHwc: presentDisplay display has no layers to compose, flushing client target buffer.
11-18 16:36:35.192   798   894 W Parcel  : Expecting binder but got null!
11-18 16:36:35.193  9137  9137 D LifecycleMonitor: Lifecycle status change: androidx.test.core.app.InstrumentationActivityInvoker$BootstrapActivity@c3d35e3 in: STARTED
11-18 16:36:35.194  9137  9137 V ActivityScenario: Activity lifecycle changed event received but ignored because the intent does not match. startActivityIntent=Intent { act=android.intent.action.MAIN cat=[android.intent.category.LAUNCHER] cmp=com.example.lunchtray/androidx.fragment.app.testing.FragmentScenario$EmptyFragmentActivity (has extras) }, activity.getIntent()=Intent { act=android.intent.action.MAIN cat=[android.intent.category.LAUNCHER] flg=0x10008000 cmp=com.example.lunchtray/androidx.test.core.app.InstrumentationActivityInvoker$BootstrapActivity (has extras) }, activity=androidx.test.core.app.InstrumentationActivityInvoker$BootstrapActivity@c3d35e3
11-18 16:36:35.194  9137  9137 V ActivityScenario: Activity lifecycle changed event received but ignored because the intent does not match. startActivityIntent=Intent { act=android.intent.action.MAIN cat=[android.intent.category.LAUNCHER] cmp=com.example.lunchtray/.MainActivity }, activity.getIntent()=Intent { act=android.intent.action.MAIN cat=[android.intent.category.LAUNCHER] flg=0x10008000 cmp=com.example.lunchtray/androidx.test.core.app.InstrumentationActivityInvoker$BootstrapActivity (has extras) }, activity=androidx.test.core.app.InstrumentationActivityInvoker$BootstrapActivity@c3d35e3
11-18 16:36:35.197  9137  9137 D LifecycleMonitor: Lifecycle status change: androidx.test.core.app.InstrumentationActivityInvoker$BootstrapActivity@c3d35e3 in: RESUMED
11-18 16:36:35.198  9137  9137 V ActivityScenario: Activity lifecycle changed event received but ignored because the intent does not match. startActivityIntent=Intent { act=android.intent.action.MAIN cat=[android.intent.category.LAUNCHER] cmp=com.example.lunchtray/androidx.fragment.app.testing.FragmentScenario$EmptyFragmentActivity (has extras) }, activity.getIntent()=Intent { act=android.intent.action.MAIN cat=[android.intent.category.LAUNCHER] flg=0x10008000 cmp=com.example.lunchtray/androidx.test.core.app.InstrumentationActivityInvoker$BootstrapActivity (has extras) }, activity=androidx.test.core.app.InstrumentationActivityInvoker$BootstrapActivity@c3d35e3
11-18 16:36:35.198  9137  9137 V ActivityScenario: Activity lifecycle changed event received but ignored because the intent does not match. startActivityIntent=Intent { act=android.intent.action.MAIN cat=[android.intent.category.LAUNCHER] cmp=com.example.lunchtray/.MainActivity }, activity.getIntent()=Intent { act=android.intent.action.MAIN cat=[android.intent.category.LAUNCHER] flg=0x10008000 cmp=com.example.lunchtray/androidx.test.core.app.InstrumentationActivityInvoker$BootstrapActivity (has extras) }, activity=androidx.test.core.app.InstrumentationActivityInvoker$BootstrapActivity@c3d35e3
11-18 16:36:35.198  9137  9137 D LifecycleMonitor: Lifecycle status change: androidx.test.core.app.InstrumentationActivityInvoker$BootstrapActivity@c3d35e3 in: PAUSED
11-18 16:36:35.199  9137  9137 V ActivityScenario: Activity lifecycle changed event received but ignored because the intent does not match. startActivityIntent=Intent { act=android.intent.action.MAIN cat=[android.intent.category.LAUNCHER] cmp=com.example.lunchtray/androidx.fragment.app.testing.FragmentScenario$EmptyFragmentActivity (has extras) }, activity.getIntent()=Intent { act=android.intent.action.MAIN cat=[android.intent.category.LAUNCHER] flg=0x10008000 cmp=com.example.lunchtray/androidx.test.core.app.InstrumentationActivityInvoker$BootstrapActivity (has extras) }, activity=androidx.test.core.app.InstrumentationActivityInvoker$BootstrapActivity@c3d35e3
11-18 16:36:35.199  9137  9137 V ActivityScenario: Activity lifecycle changed event received but ignored because the intent does not match. startActivityIntent=Intent { act=android.intent.action.MAIN cat=[android.intent.category.LAUNCHER] cmp=com.example.lunchtray/.MainActivity }, activity.getIntent()=Intent { act=android.intent.action.MAIN cat=[android.intent.category.LAUNCHER] flg=0x10008000 cmp=com.example.lunchtray/androidx.test.core.app.InstrumentationActivityInvoker$BootstrapActivity (has extras) }, activity=androidx.test.core.app.InstrumentationActivityInvoker$BootstrapActivity@c3d35e3
11-18 16:36:35.205  9137  9137 D LifecycleMonitor: Lifecycle status change: com.example.lunchtray.MainActivity@5124aa4 in: PRE_ON_CREATE
11-18 16:36:35.205  9137  9137 V ActivityScenario: Activity lifecycle changed event received but ignored because the intent does not match. startActivityIntent=Intent { act=android.intent.action.MAIN cat=[android.intent.category.LAUNCHER] cmp=com.example.lunchtray/androidx.fragment.app.testing.FragmentScenario$EmptyFragmentActivity (has extras) }, activity.getIntent()=Intent { act=android.intent.action.MAIN cat=[android.intent.category.LAUNCHER] cmp=com.example.lunchtray/.MainActivity }, activity=com.example.lunchtray.MainActivity@5124aa4
11-18 16:36:35.206  9137  9137 V ActivityScenario: Activity lifecycle changed event received but ignored because the reported transition was not ON_CREATE while the last known transition was PRE_ON_CREATE
11-18 16:36:35.208   353 28951 W RanchuHwc: presentDisplay display has no layers to compose, flushing client target buffer.
11-18 16:36:35.208   402   486 W TransactionTracing: Could not find layer id -1
11-18 16:36:35.208   402   486 W TransactionTracing: Could not find layer id -1
11-18 16:36:35.208   402   486 W TransactionTracing: Could not find layer id -1
11-18 16:36:35.208   402   486 W TransactionTracing: Could not find layer id -1
11-18 16:36:35.218  9137  9137 D LifecycleMonitor: Lifecycle status change: com.example.lunchtray.MainActivity@5124aa4 in: CREATED
11-18 16:36:35.219  9137  9137 V ActivityScenario: Activity lifecycle changed event received but ignored because the intent does not match. startActivityIntent=Intent { act=android.intent.action.MAIN cat=[android.intent.category.LAUNCHER] cmp=com.example.lunchtray/androidx.fragment.app.testing.FragmentScenario$EmptyFragmentActivity (has extras) }, activity.getIntent()=Intent { act=android.intent.action.MAIN cat=[android.intent.category.LAUNCHER] cmp=com.example.lunchtray/.MainActivity }, activity=com.example.lunchtray.MainActivity@5124aa4
11-18 16:36:35.219  9137  9137 V ActivityScenario: Update currentActivityStage to CREATED, currentActivity=com.example.lunchtray.MainActivity@5124aa4
11-18 16:36:35.222  9137  9137 D LifecycleMonitor: Lifecycle status change: com.example.lunchtray.MainActivity@5124aa4 in: STARTED
11-18 16:36:35.224   353 28951 W RanchuHwc: presentDisplay display has no layers to compose, flushing client target buffer.
11-18 16:36:35.225   402   486 W TransactionTracing: Could not find layer id -1
11-18 16:36:35.229  9137  9137 V ActivityScenario: Activity lifecycle changed event received but ignored because the intent does not match. startActivityIntent=Intent { act=android.intent.action.MAIN cat=[android.intent.category.LAUNCHER] cmp=com.example.lunchtray/androidx.fragment.app.testing.FragmentScenario$EmptyFragmentActivity (has extras) }, activity.getIntent()=Intent { act=android.intent.action.MAIN cat=[android.intent.category.LAUNCHER] cmp=com.example.lunchtray/.MainActivity }, activity=com.example.lunchtray.MainActivity@5124aa4
11-18 16:36:35.229  9137  9137 V ActivityScenario: Update currentActivityStage to STARTED, currentActivity=com.example.lunchtray.MainActivity@5124aa4
11-18 16:36:35.230  9137  9137 D LifecycleMonitor: Lifecycle status change: com.example.lunchtray.MainActivity@5124aa4 in: RESUMED
11-18 16:36:35.231  9137  9137 V ActivityScenario: Activity lifecycle changed event received but ignored because the intent does not match. startActivityIntent=Intent { act=android.intent.action.MAIN cat=[android.intent.category.LAUNCHER] cmp=com.example.lunchtray/androidx.fragment.app.testing.FragmentScenario$EmptyFragmentActivity (has extras) }, activity.getIntent()=Intent { act=android.intent.action.MAIN cat=[android.intent.category.LAUNCHER] cmp=com.example.lunchtray/.MainActivity }, activity=com.example.lunchtray.MainActivity@5124aa4
11-18 16:36:35.231  9137  9137 V ActivityScenario: Update currentActivityStage to RESUMED, currentActivity=com.example.lunchtray.MainActivity@5124aa4
11-18 16:36:35.233   352   352 D goldfish-address-space: claimShared: Ask to claim region [0x1f2dc8000 0x1f36f0000]
11-18 16:36:35.242   353 28951 W RanchuHwc: presentDisplay display has no layers to compose, flushing client target buffer.
11-18 16:36:35.242  1122  1607 W FrameTracker: Missed SF frame:16
11-18 16:36:35.242  1122  1607 W FrameTracker: Missed SF frame:16
11-18 16:36:35.242  1122  1607 W FrameTracker: Missed SF frame:16
11-18 16:36:35.242  1122  1607 W FrameTracker: Missed SF frame:16
11-18 16:36:35.242  1122  1607 W FrameTracker: Missed SF frame:16
11-18 16:36:35.242  1122  1607 W FrameTracker: Missed SF frame:16
11-18 16:36:35.242  1122  1607 W FrameTracker: Missed SF frame:16
11-18 16:36:35.242  1122  1607 W FrameTracker: Missed SF frame:16
11-18 16:36:35.242  1122  1607 W FrameTracker: Missed SF frame:16
11-18 16:36:35.242  1122  1607 W FrameTracker: Missed SF frame:16
11-18 16:36:35.242  1122  1607 W FrameTracker: Missed SF frame:16
11-18 16:36:35.242  1122  1607 W FrameTracker: Missed SF frame:16
11-18 16:36:35.242  1122  1607 W FrameTracker: Missed SF frame:16
11-18 16:36:35.242  1122  1607 W FrameTracker: Missing SF jank callback for vsyncId: 833955
11-18 16:36:35.242  1122  1898 V PerfettoTrigger: Not triggering com.android.telemetry.interaction-jank-monitor-9 - not enough time since last trigger
11-18 16:36:35.250   352   352 D goldfish-address-space: claimShared: Ask to claim region [0x1f5b88000 0x1f64b0000]
11-18 16:36:35.255   352   352 D goldfish-address-space: claimShared: Ask to claim region [0x1f64b0000 0x1f6dd8000]
11-18 16:36:35.258   353 28951 W RanchuHwc: presentDisplay display has no layers to compose, flushing client target buffer.
11-18 16:36:35.265   352   352 D goldfish-address-space: claimShared: Ask to claim region [0x1f6dd8000 0x1f7700000]
11-18 16:36:35.266  9137  9158 W Parcel  : Expecting binder but got null!
11-18 16:36:35.268   537   559 W ziparchive: Unable to open '/data/app/~~0k2oT0L5F8b78nCJlF6-Ng==/com.example.lunchtray-DVPViyhBGLkPVK-HK75cuQ==/base.dm': No such file or directory
11-18 16:36:35.270   537   559 I ActivityTaskManager: Displayed com.example.lunchtray/.MainActivity: +107ms
11-18 16:36:35.275   353 28951 W RanchuHwc: presentDisplay display has no layers to compose, flushing client target buffer.
11-18 16:36:35.275   402   486 W TransactionTracing: Could not find layer handle 0xb4000077556f0630
11-18 16:36:35.275   402   486 W TransactionTracing: Could not find layer handle 0xb4000077556e4810
11-18 16:36:35.292   353 28951 W RanchuHwc: presentDisplay display has no layers to compose, flushing client target buffer.
11-18 16:36:35.294  1538  1538 I GoogleInputMethodService: GoogleInputMethodService.onFinishInput():3204
11-18 16:36:35.295  1538  1538 I GoogleInputMethodService: GoogleInputMethodService.updateDeviceLockedStatus():2100 checkRepeatedly = false, unlocked = true
11-18 16:36:35.295  1538  1538 I GoogleInputMethodService: GoogleInputMethodService.onStartInput():1903 onStartInput(EditorInfo{inputType=0x0(NULL) imeOptions=0x0 privateImeOptions=null actionName=UNSPECIFIED actionLabel=null actionId=0 initialSelStart=-1 initialSelEnd=-1 initialCapsMode=0x0 hintText=null label=null packageName=com.example.lunchtray fieldId=-1 fieldName=null extras=null}, false)
11-18 16:36:35.296  1538  1538 I GoogleInputMethodService: GoogleInputMethodService.updateDeviceLockedStatus():2100 checkRepeatedly = true, unlocked = true
11-18 16:36:35.308   353 28951 W RanchuHwc: presentDisplay display has no layers to compose, flushing client target buffer.
11-18 16:36:35.309   402   486 W TransactionTracing: Could not find layer handle 0xb4000077556eb710
11-18 16:36:35.315  9137  9137 I ViewInteraction: Performing 'single click' action on view view.getId() is <2131231208/com.example.lunchtray:id/start_order_btn>
11-18 16:36:35.317  1122  1122 D TaplEvents: TIS / TouchInteractionService.onInputEvent: MotionEvent { action=ACTION_DOWN, actionButton=0, id[0]=0, x[0]=540.0, y[0]=1197.5, toolType[0]=TOOL_TYPE_UNKNOWN, buttonState=BUTTON_PRIMARY, classification=NONE, metaState=0, flags=0x0, edgeFlags=0x0, pointerCount=1, historySize=0, eventTime=33656492, downTime=33656492, deviceId=-1, source=0x1002, displayId=0, eventId=-906192567 }
11-18 16:36:35.317  9137  9137 D AutofillManager: Fill dialog is enabled:false, hints=[]
11-18 16:36:35.325   353 28951 W RanchuHwc: presentDisplay display has no layers to compose, flushing client target buffer.
11-18 16:36:35.342   353 28951 W RanchuHwc: presentDisplay display has no layers to compose, flushing client target buffer.
11-18 16:36:35.342   402   486 W TransactionTracing: Could not find layer handle 0xb4000077556ed3f0
11-18 16:36:35.342   402   486 W TransactionTracing: Could not find layer id -1
11-18 16:36:35.342   402   486 W TransactionTracing: Could not find layer id -1
11-18 16:36:35.342   402   486 W TransactionTracing: Could not find layer id -1
11-18 16:36:35.342   402   486 W TransactionTracing: Could not find layer id -1
11-18 16:36:35.359   353 28951 W RanchuHwc: presentDisplay display has no layers to compose, flushing client target buffer.
11-18 16:36:35.364  1122  1122 D TaplEvents: TIS / TouchInteractionService.onInputEvent: MotionEvent { action=ACTION_UP, actionButton=0, id[0]=0, x[0]=540.0, y[0]=1197.5, toolType[0]=TOOL_TYPE_FINGER, buttonState=BUTTON_PRIMARY, classification=NONE, metaState=0, flags=0x0, edgeFlags=0x0, pointerCount=1, historySize=0, eventTime=33656540, downTime=33656492, deviceId=-1, source=0x1002, displayId=0, eventId=-157900303 }
11-18 16:36:35.375   353 28951 W RanchuHwc: presentDisplay display has no layers to compose, flushing client target buffer.
11-18 16:36:35.392   353 28951 W RanchuHwc: presentDisplay display has no layers to compose, flushing client target buffer.
11-18 16:36:35.408   353 28951 W RanchuHwc: presentDisplay display has no layers to compose, flushing client target buffer.
11-18 16:36:35.425   353 28951 W RanchuHwc: presentDisplay display has no layers to compose, flushing client target buffer.
11-18 16:36:35.442   353 28951 W RanchuHwc: presentDisplay display has no layers to compose, flushing client target buffer.
11-18 16:36:35.458   353 28951 W RanchuHwc: presentDisplay display has no layers to compose, flushing client target buffer.
11-18 16:36:35.475   353 28951 W RanchuHwc: presentDisplay display has no layers to compose, flushing client target buffer.
11-18 16:36:35.491   353 28951 W RanchuHwc: presentDisplay display has no layers to compose, flushing client target buffer.
11-18 16:36:35.499  9137  9137 D LifecycleMonitor: Lifecycle status change: androidx.test.core.app.InstrumentationActivityInvoker$BootstrapActivity@c3d35e3 in: STOPPED
11-18 16:36:35.500   994  1277 D BtGatt.ScanManager: uid 10103 isForeground true scanMode -1
11-18 16:36:35.500   994  1277 D BtGatt.ScanManager: uid 10103 isForeground true scanMode -1
11-18 16:36:35.501  9137  9137 V ActivityScenario: Activity lifecycle changed event received but ignored because the intent does not match. startActivityIntent=Intent { act=android.intent.action.MAIN cat=[android.intent.category.LAUNCHER] cmp=com.example.lunchtray/androidx.fragment.app.testing.FragmentScenario$EmptyFragmentActivity (has extras) }, activity.getIntent()=Intent { act=android.intent.action.MAIN cat=[android.intent.category.LAUNCHER] flg=0x10008000 cmp=com.example.lunchtray/androidx.test.core.app.InstrumentationActivityInvoker$BootstrapActivity (has extras) }, activity=androidx.test.core.app.InstrumentationActivityInvoker$BootstrapActivity@c3d35e3
11-18 16:36:35.501  9137  9137 V ActivityScenario: Activity lifecycle changed event received but ignored because the intent does not match. startActivityIntent=Intent { act=android.intent.action.MAIN cat=[android.intent.category.LAUNCHER] cmp=com.example.lunchtray/.MainActivity }, activity.getIntent()=Intent { act=android.intent.action.MAIN cat=[android.intent.category.LAUNCHER] flg=0x10008000 cmp=com.example.lunchtray/androidx.test.core.app.InstrumentationActivityInvoker$BootstrapActivity (has extras) }, activity=androidx.test.core.app.InstrumentationActivityInvoker$BootstrapActivity@c3d35e3
11-18 16:36:35.508   353 28951 W RanchuHwc: presentDisplay display has no layers to compose, flushing client target buffer.
11-18 16:36:35.509   402   486 W TransactionTracing: Could not find layer handle 0xb4000077556e9d30
11-18 16:36:35.510   402   486 W TransactionTracing: Could not find layer handle 0xb4000077556e53b0
11-18 16:36:35.510   402   486 W TransactionTracing: Could not find layer handle 0xb4000077556e53b0
11-18 16:36:35.510   402   486 W TransactionTracing: Could not find layer handle 0xb4000077556e9d30
11-18 16:36:35.520  2044  9207 I PBSessionCacheImpl: Deleted sessionId[8991274887880759] from persistence.
11-18 16:36:35.525   353 28951 W RanchuHwc: presentDisplay display has no layers to compose, flushing client target buffer.
11-18 16:36:35.528  2044  2170 W SearchServiceCore: Abort, client detached.
11-18 16:36:35.541   353 28951 W RanchuHwc: presentDisplay display has no layers to compose, flushing client target buffer.
11-18 16:36:35.542   402   486 W TransactionTracing: Could not find layer handle 0xb4000077556e8bf0
11-18 16:36:35.542   402   486 W TransactionTracing: Could not find layer handle 0xb4000077556e73f0
11-18 16:36:35.547   537  2372 W InputManager-JNI: Input channel object '92b8245 Splash Screen com.example.lunchtray (client)' was disposed without first being removed with the input manager!
11-18 16:36:35.558   353 28951 W RanchuHwc: presentDisplay display has no layers to compose, flushing client target buffer.
11-18 16:36:35.559   402   486 W TransactionTracing: Could not find layer id -1
11-18 16:36:35.561   402   486 W TransactionTracing: Could not find layer id -1
11-18 16:36:35.575   353 28951 W RanchuHwc: presentDisplay display has no layers to compose, flushing client target buffer.
11-18 16:36:35.591   353 28951 W RanchuHwc: presentDisplay display has no layers to compose, flushing client target buffer.
11-18 16:36:35.597   798   855 W FrameTracker: Missed SF frame:16
11-18 16:36:35.598   798   855 W FrameTracker: Missed SF frame:16
11-18 16:36:35.598   798   855 W FrameTracker: Missed SF frame:16
11-18 16:36:35.598   798   855 W FrameTracker: Missed SF frame:16
11-18 16:36:35.598   798   855 W FrameTracker: Missed SF frame:16
11-18 16:36:35.598   798   855 W FrameTracker: Missed App frame:24
11-18 16:36:35.598   798   855 W FrameTracker: Missed SF frame:24
11-18 16:36:35.599   798   855 W FrameTracker: Missed SF frame:80
11-18 16:36:35.599   798   855 W FrameTracker: Missed SF frame:80
11-18 16:36:35.599   798   855 W FrameTracker: Missed SF frame:80
11-18 16:36:35.599   798   855 W FrameTracker: Missed SF frame:80
11-18 16:36:35.599   798   855 W FrameTracker: Missed SF frame:80
11-18 16:36:35.599   798   855 W FrameTracker: Missed SF frame:80
11-18 16:36:35.599   798   855 W FrameTracker: Missed SF frame:80
11-18 16:36:35.599   798   855 W FrameTracker: Missed SF frame:80
11-18 16:36:35.599   798   855 W FrameTracker: Missed SF frame:80
11-18 16:36:35.599   798   855 V PerfettoTrigger: Not triggering com.android.telemetry.interaction-jank-monitor-39 - not enough time since last trigger
11-18 16:36:35.608   353 28951 W RanchuHwc: presentDisplay display has no layers to compose, flushing client target buffer.
11-18 16:36:35.615  9137  9137 I ViewInteraction: Performing 'single click' action on view view.getId() is <2131230844/com.example.lunchtray:id/cauliflower>
11-18 16:36:35.617  1122  1122 D TaplEvents: TIS / TouchInteractionService.onInputEvent: MotionEvent { action=ACTION_DOWN, actionButton=0, id[0]=0, x[0]=206.0, y[0]=285.5, toolType[0]=TOOL_TYPE_UNKNOWN, buttonState=BUTTON_PRIMARY, classification=NONE, metaState=0, flags=0x0, edgeFlags=0x0, pointerCount=1, historySize=0, eventTime=33656792, downTime=33656792, deviceId=-1, source=0x1002, displayId=0, eventId=-158987287 }
11-18 16:36:35.624   353 28951 W RanchuHwc: presentDisplay display has no layers to compose, flushing client target buffer.
11-18 16:36:35.641   353 28951 W RanchuHwc: presentDisplay display has no layers to compose, flushing client target buffer.
11-18 16:36:35.658   353 28951 W RanchuHwc: presentDisplay display has no layers to compose, flushing client target buffer.
11-18 16:36:35.660  1122  1122 D TaplEvents: TIS / TouchInteractionService.onInputEvent: MotionEvent { action=ACTION_UP, actionButton=0, id[0]=0, x[0]=206.0, y[0]=285.5, toolType[0]=TOOL_TYPE_FINGER, buttonState=BUTTON_PRIMARY, classification=NONE, metaState=0, flags=0x0, edgeFlags=0x0, pointerCount=1, historySize=0, eventTime=33656835, downTime=33656792, deviceId=-1, source=0x1002, displayId=0, eventId=-990490507 }
11-18 16:36:35.674   353 28951 W RanchuHwc: presentDisplay display has no layers to compose, flushing client target buffer.
11-18 16:36:35.691   353 28951 W RanchuHwc: presentDisplay display has no layers to compose, flushing client target buffer.
11-18 16:36:35.707   353 28951 W RanchuHwc: presentDisplay display has no layers to compose, flushing client target buffer.
11-18 16:36:35.724   353 28951 W RanchuHwc: presentDisplay display has no layers to compose, flushing client target buffer.
11-18 16:36:35.725   402   486 W TransactionTracing: Could not find layer handle 0xb4000077556e96d0
11-18 16:36:35.725   402   486 W TransactionTracing: Could not find layer handle 0xb4000077556e7b10
11-18 16:36:35.725   402   486 W TransactionTracing: Could not find layer handle 0xb4000077556e5bf0
11-18 16:36:35.725   402   486 W TransactionTracing: Could not find layer handle 0xb4000077556e5bf0
11-18 16:36:35.725   402   486 W TransactionTracing: Could not find layer handle 0xb4000077556e7b10
11-18 16:36:35.741   353 28951 W RanchuHwc: presentDisplay display has no layers to compose, flushing client target buffer.
11-18 16:36:35.758   353 28951 W RanchuHwc: presentDisplay display has no layers to compose, flushing client target buffer.
11-18 16:36:35.774   353 28951 W RanchuHwc: presentDisplay display has no layers to compose, flushing client target buffer.
11-18 16:36:35.791   353 28951 W RanchuHwc: presentDisplay display has no layers to compose, flushing client target buffer.
11-18 16:36:35.791   402   486 W TransactionTracing: Could not find layer id -1
11-18 16:36:35.807   353 28951 W RanchuHwc: presentDisplay display has no layers to compose, flushing client target buffer.
11-18 16:36:35.824   353 28951 W RanchuHwc: presentDisplay display has no layers to compose, flushing client target buffer.
11-18 16:36:35.841   353 28951 W RanchuHwc: presentDisplay display has no layers to compose, flushing client target buffer.
11-18 16:36:35.858   353 28951 W RanchuHwc: presentDisplay display has no layers to compose, flushing client target buffer.
11-18 16:36:35.874   353 28951 W RanchuHwc: presentDisplay display has no layers to compose, flushing client target buffer.
11-18 16:36:35.891   353 28951 W RanchuHwc: presentDisplay display has no layers to compose, flushing client target buffer.
11-18 16:36:35.908   353 28951 W RanchuHwc: presentDisplay display has no layers to compose, flushing client target buffer.
11-18 16:36:35.908   402   486 W TransactionTracing: Could not find layer id -1
11-18 16:36:35.924   353 28951 W RanchuHwc: presentDisplay display has no layers to compose, flushing client target buffer.
11-18 16:36:35.941   353 28951 W RanchuHwc: presentDisplay display has no layers to compose, flushing client target buffer.
11-18 16:36:35.957   353 28951 W RanchuHwc: presentDisplay display has no layers to compose, flushing client target buffer.
11-18 16:36:35.974   353 28951 W RanchuHwc: presentDisplay display has no layers to compose, flushing client target buffer.
11-18 16:36:35.976  9137  9137 I ViewInteraction: Performing 'single click' action on view view.getId() is <2131231081/com.example.lunchtray:id/next_button>
11-18 16:36:35.977  1122  1122 D TaplEvents: TIS / TouchInteractionService.onInputEvent: MotionEvent { action=ACTION_DOWN, actionButton=0, id[0]=0, x[0]=798.5, y[0]=1718.5, toolType[0]=TOOL_TYPE_UNKNOWN, buttonState=BUTTON_PRIMARY, classification=NONE, metaState=0, flags=0x0, edgeFlags=0x0, pointerCount=1, historySize=0, eventTime=33657152, downTime=33657152, deviceId=-1, source=0x1002, displayId=0, eventId=-831492425 }
11-18 16:36:35.991   353 28951 W RanchuHwc: presentDisplay display has no layers to compose, flushing client target buffer.
11-18 16:36:36.007   353 28951 W RanchuHwc: presentDisplay display has no layers to compose, flushing client target buffer.
11-18 16:36:36.010   798   894 D EGL_emulation: app_time_stats: avg=35.53ms min=13.05ms max=115.87ms count=29
11-18 16:36:36.018  1122  1122 D TaplEvents: TIS / TouchInteractionService.onInputEvent: MotionEvent { action=ACTION_UP, actionButton=0, id[0]=0, x[0]=798.5, y[0]=1718.5, toolType[0]=TOOL_TYPE_FINGER, buttonState=BUTTON_PRIMARY, classification=NONE, metaState=0, flags=0x0, edgeFlags=0x0, pointerCount=1, historySize=0, eventTime=33657193, downTime=33657152, deviceId=-1, source=0x1002, displayId=0, eventId=-695536472 }
11-18 16:36:36.024   353 28951 W RanchuHwc: presentDisplay display has no layers to compose, flushing client target buffer.
11-18 16:36:36.041   353 28951 W RanchuHwc: presentDisplay display has no layers to compose, flushing client target buffer.
11-18 16:36:36.058   353 28951 W RanchuHwc: presentDisplay display has no layers to compose, flushing client target buffer.
11-18 16:36:36.074   353 28951 W RanchuHwc: presentDisplay display has no layers to compose, flushing client target buffer.
11-18 16:36:36.075   402   486 W TransactionTracing: Could not find layer id -1
11-18 16:36:36.075   402   486 W TransactionTracing: Could not find layer id -1
11-18 16:36:36.091   353 28951 W RanchuHwc: presentDisplay display has no layers to compose, flushing client target buffer.
11-18 16:36:36.107   353 28951 W RanchuHwc: presentDisplay display has no layers to compose, flushing client target buffer.
11-18 16:36:36.124   353 28951 W RanchuHwc: presentDisplay display has no layers to compose, flushing client target buffer.
11-18 16:36:36.141   353 28951 W RanchuHwc: presentDisplay display has no layers to compose, flushing client target buffer.
11-18 16:36:36.157   353 28951 W RanchuHwc: presentDisplay display has no layers to compose, flushing client target buffer.
11-18 16:36:36.174   353 28951 W RanchuHwc: presentDisplay display has no layers to compose, flushing client target buffer.
11-18 16:36:36.291   353 28951 W RanchuHwc: presentDisplay display has no layers to compose, flushing client target buffer.
11-18 16:36:36.295  9137  9137 I ViewInteraction: Performing 'single click' action on view view.getId() is <2131231138/com.example.lunchtray:id/salad>
11-18 16:36:36.296  1122  1122 D TaplEvents: TIS / TouchInteractionService.onInputEvent: MotionEvent { action=ACTION_DOWN, actionButton=0, id[0]=0, x[0]=239.5, y[0]=285.5, toolType[0]=TOOL_TYPE_UNKNOWN, buttonState=BUTTON_PRIMARY, classification=NONE, metaState=0, flags=0x0, edgeFlags=0x0, pointerCount=1, historySize=0, eventTime=33657471, downTime=33657471, deviceId=-1, source=0x1002, displayId=0, eventId=-1034532869 }
11-18 16:36:36.338  1122  1122 D TaplEvents: TIS / TouchInteractionService.onInputEvent: MotionEvent { action=ACTION_UP, actionButton=0, id[0]=0, x[0]=239.5, y[0]=285.5, toolType[0]=TOOL_TYPE_FINGER, buttonState=BUTTON_PRIMARY, classification=NONE, metaState=0, flags=0x0, edgeFlags=0x0, pointerCount=1, historySize=0, eventTime=33657513, downTime=33657471, deviceId=-1, source=0x1002, displayId=0, eventId=-196657292 }
11-18 16:36:36.343  9137  9158 D EGL_emulation: app_time_stats: avg=23.66ms min=1.48ms max=198.85ms count=45
11-18 16:36:36.358   353 28951 W RanchuHwc: presentDisplay display has no layers to compose, flushing client target buffer.
11-18 16:36:36.374   353 28951 W RanchuHwc: presentDisplay display has no layers to compose, flushing client target buffer.
11-18 16:36:36.391   353 28951 W RanchuHwc: presentDisplay display has no layers to compose, flushing client target buffer.
11-18 16:36:36.407   353 28951 W RanchuHwc: presentDisplay display has no layers to compose, flushing client target buffer.
11-18 16:36:36.424   353 28951 W RanchuHwc: presentDisplay display has no layers to compose, flushing client target buffer.
11-18 16:36:36.441   353 28951 W RanchuHwc: presentDisplay display has no layers to compose, flushing client target buffer.
11-18 16:36:36.458   353 28951 W RanchuHwc: presentDisplay display has no layers to compose, flushing client target buffer.
11-18 16:36:36.474   353 28951 W RanchuHwc: presentDisplay display has no layers to compose, flushing client target buffer.
11-18 16:36:36.491   353 28951 W RanchuHwc: presentDisplay display has no layers to compose, flushing client target buffer.
11-18 16:36:36.508   353 28951 W RanchuHwc: presentDisplay display has no layers to compose, flushing client target buffer.
11-18 16:36:36.524   353 28951 W RanchuHwc: presentDisplay display has no layers to compose, flushing client target buffer.
11-18 16:36:36.541   353 28951 W RanchuHwc: presentDisplay display has no layers to compose, flushing client target buffer.
11-18 16:36:36.557   353 28951 W RanchuHwc: presentDisplay display has no layers to compose, flushing client target buffer.
11-18 16:36:36.574   353 28951 W RanchuHwc: presentDisplay display has no layers to compose, flushing client target buffer.
11-18 16:36:36.574   402   486 W TransactionTracing: Could not find layer id -1
11-18 16:36:36.591   353 28951 W RanchuHwc: presentDisplay display has no layers to compose, flushing client target buffer.
11-18 16:36:36.593  9137  9137 I ViewInteraction: Performing 'single click' action on view view.getId() is <2131231081/com.example.lunchtray:id/next_button>
11-18 16:36:36.594  1122  1122 D TaplEvents: TIS / TouchInteractionService.onInputEvent: MotionEvent { action=ACTION_DOWN, actionButton=0, id[0]=0, x[0]=798.5, y[0]=1672.5, toolType[0]=TOOL_TYPE_UNKNOWN, buttonState=BUTTON_PRIMARY, classification=NONE, metaState=0, flags=0x0, edgeFlags=0x0, pointerCount=1, historySize=0, eventTime=33657769, downTime=33657769, deviceId=-1, source=0x1002, displayId=0, eventId=-360427241 }
11-18 16:36:36.607   353 28951 W RanchuHwc: presentDisplay display has no layers to compose, flushing client target buffer.
11-18 16:36:36.624   353 28951 W RanchuHwc: presentDisplay display has no layers to compose, flushing client target buffer.
11-18 16:36:36.635  1122  1122 D TaplEvents: TIS / TouchInteractionService.onInputEvent: MotionEvent { action=ACTION_UP, actionButton=0, id[0]=0, x[0]=798.5, y[0]=1672.5, toolType[0]=TOOL_TYPE_FINGER, buttonState=BUTTON_PRIMARY, classification=NONE, metaState=0, flags=0x0, edgeFlags=0x0, pointerCount=1, historySize=0, eventTime=33657810, downTime=33657769, deviceId=-1, source=0x1002, displayId=0, eventId=-792123556 }
11-18 16:36:36.641   353 28951 W RanchuHwc: presentDisplay display has no layers to compose, flushing client target buffer.
11-18 16:36:36.657   353 28951 W RanchuHwc: presentDisplay display has no layers to compose, flushing client target buffer.
11-18 16:36:36.674   353 28951 W RanchuHwc: presentDisplay display has no layers to compose, flushing client target buffer.
11-18 16:36:36.691   353 28951 W RanchuHwc: presentDisplay display has no layers to compose, flushing client target buffer.
11-18 16:36:36.707   353 28951 W RanchuHwc: presentDisplay display has no layers to compose, flushing client target buffer.
11-18 16:36:36.724   353 28951 W RanchuHwc: presentDisplay display has no layers to compose, flushing client target buffer.
11-18 16:36:36.741   353 28951 W RanchuHwc: presentDisplay display has no layers to compose, flushing client target buffer.
11-18 16:36:36.757   353 28951 W RanchuHwc: presentDisplay display has no layers to compose, flushing client target buffer.
11-18 16:36:36.769  1538  2702 I PhenotypeProcessReaper: Memory state is: 200
11-18 16:36:36.774   353 28951 W RanchuHwc: presentDisplay display has no layers to compose, flushing client target buffer.
11-18 16:36:36.791   353 28951 W RanchuHwc: presentDisplay display has no layers to compose, flushing client target buffer.
11-18 16:36:36.911  9137  9137 I ViewInteraction: Performing 'single click' action on view view.getId() is <2131230835/com.example.lunchtray:id/bread>
11-18 16:36:36.912  1122  1122 D TaplEvents: TIS / TouchInteractionService.onInputEvent: MotionEvent { action=ACTION_DOWN, actionButton=0, id[0]=0, x[0]=196.0, y[0]=285.5, toolType[0]=TOOL_TYPE_UNKNOWN, buttonState=BUTTON_PRIMARY, classification=NONE, metaState=0, flags=0x0, edgeFlags=0x0, pointerCount=1, historySize=0, eventTime=33658087, downTime=33658087, deviceId=-1, source=0x1002, displayId=0, eventId=-398226363 }
11-18 16:36:36.951  1122  1122 D TaplEvents: TIS / TouchInteractionService.onInputEvent: MotionEvent { action=ACTION_UP, actionButton=0, id[0]=0, x[0]=196.0, y[0]=285.5, toolType[0]=TOOL_TYPE_FINGER, buttonState=BUTTON_PRIMARY, classification=NONE, metaState=0, flags=0x0, edgeFlags=0x0, pointerCount=1, historySize=0, eventTime=33658127, downTime=33658087, deviceId=-1, source=0x1002, displayId=0, eventId=-858869796 }
11-18 16:36:36.974   353 28951 W RanchuHwc: presentDisplay display has no layers to compose, flushing client target buffer.
11-18 16:36:36.991   353 28951 W RanchuHwc: presentDisplay display has no layers to compose, flushing client target buffer.
11-18 16:36:37.007   353 28951 W RanchuHwc: presentDisplay display has no layers to compose, flushing client target buffer.
11-18 16:36:37.024   353 28951 W RanchuHwc: presentDisplay display has no layers to compose, flushing client target buffer.
11-18 16:36:37.042   353 28951 W RanchuHwc: presentDisplay display has no layers to compose, flushing client target buffer.
11-18 16:36:37.057   353 28951 W RanchuHwc: presentDisplay display has no layers to compose, flushing client target buffer.
11-18 16:36:37.075   353 28951 W RanchuHwc: presentDisplay display has no layers to compose, flushing client target buffer.
11-18 16:36:37.091   353 28951 W RanchuHwc: presentDisplay display has no layers to compose, flushing client target buffer.
11-18 16:36:37.109   353 28951 W RanchuHwc: presentDisplay display has no layers to compose, flushing client target buffer.
11-18 16:36:37.124   353 28951 W RanchuHwc: presentDisplay display has no layers to compose, flushing client target buffer.
11-18 16:36:37.141   353 28951 W RanchuHwc: presentDisplay display has no layers to compose, flushing client target buffer.
11-18 16:36:37.158   353 28951 W RanchuHwc: presentDisplay display has no layers to compose, flushing client target buffer.
11-18 16:36:37.175   353 28951 W RanchuHwc: presentDisplay display has no layers to compose, flushing client target buffer.
11-18 16:36:37.191   353 28951 W RanchuHwc: presentDisplay display has no layers to compose, flushing client target buffer.
11-18 16:36:37.207   353 28951 W RanchuHwc: presentDisplay display has no layers to compose, flushing client target buffer.
11-18 16:36:37.209  9137  9137 I ViewInteraction: Performing 'single click' action on view view.getId() is <2131231081/com.example.lunchtray:id/next_button>
11-18 16:36:37.210  1122  1122 D TaplEvents: TIS / TouchInteractionService.onInputEvent: MotionEvent { action=ACTION_DOWN, actionButton=0, id[0]=0, x[0]=798.5, y[0]=1341.5, toolType[0]=TOOL_TYPE_UNKNOWN, buttonState=BUTTON_PRIMARY, classification=NONE, metaState=0, flags=0x0, edgeFlags=0x0, pointerCount=1, historySize=0, eventTime=33658385, downTime=33658385, deviceId=-1, source=0x1002, displayId=0, eventId=-528908019 }
11-18 16:36:37.224   353 28951 W RanchuHwc: presentDisplay display has no layers to compose, flushing client target buffer.
11-18 16:36:37.241   353 28951 W RanchuHwc: presentDisplay display has no layers to compose, flushing client target buffer.
11-18 16:36:37.251  1122  1122 D TaplEvents: TIS / TouchInteractionService.onInputEvent: MotionEvent { action=ACTION_UP, actionButton=0, id[0]=0, x[0]=798.5, y[0]=1341.5, toolType[0]=TOOL_TYPE_FINGER, buttonState=BUTTON_PRIMARY, classification=NONE, metaState=0, flags=0x0, edgeFlags=0x0, pointerCount=1, historySize=0, eventTime=33658426, downTime=33658385, deviceId=-1, source=0x1002, displayId=0, eventId=-521126167 }
11-18 16:36:37.258   353 28951 W RanchuHwc: presentDisplay display has no layers to compose, flushing client target buffer.
11-18 16:36:37.274   353 28951 W RanchuHwc: presentDisplay display has no layers to compose, flushing client target buffer.
11-18 16:36:37.291   353 28951 W RanchuHwc: presentDisplay display has no layers to compose, flushing client target buffer.
11-18 16:36:37.308   353 28951 W RanchuHwc: presentDisplay display has no layers to compose, flushing client target buffer.
11-18 16:36:37.324   353 28951 W RanchuHwc: presentDisplay display has no layers to compose, flushing client target buffer.
11-18 16:36:37.341   353 28951 W RanchuHwc: presentDisplay display has no layers to compose, flushing client target buffer.
11-18 16:36:37.342   402   486 W TransactionTracing: Could not find layer id -1
11-18 16:36:37.344  9137  9158 D EGL_emulation: app_time_stats: avg=20.00ms min=7.36ms max=180.90ms count=50
11-18 16:36:37.358   353 28951 W RanchuHwc: presentDisplay display has no layers to compose, flushing client target buffer.
11-18 16:36:37.374   353 28951 W RanchuHwc: presentDisplay display has no layers to compose, flushing client target buffer.
11-18 16:36:37.391   353 28951 W RanchuHwc: presentDisplay display has no layers to compose, flushing client target buffer.
11-18 16:36:37.407   353 28951 W RanchuHwc: presentDisplay display has no layers to compose, flushing client target buffer.
11-18 16:36:37.515  1106  9110 I PhenotypeProcessReaper: Memory state is: 125
11-18 16:36:37.526  9137  9137 I ViewInteraction: Performing 'single click' action on view view.getId() is <2131230842/com.example.lunchtray:id/cancel_button>
11-18 16:36:37.527  1122  1122 D TaplEvents: TIS / TouchInteractionService.onInputEvent: MotionEvent { action=ACTION_DOWN, actionButton=0, id[0]=0, x[0]=539.5, y[0]=1073.5, toolType[0]=TOOL_TYPE_UNKNOWN, buttonState=BUTTON_PRIMARY, classification=NONE, metaState=0, flags=0x0, edgeFlags=0x0, pointerCount=1, historySize=0, eventTime=33658702, downTime=33658702, deviceId=-1, source=0x1002, displayId=0, eventId=-657146221 }
11-18 16:36:37.568  1122  1122 D TaplEvents: TIS / TouchInteractionService.onInputEvent: MotionEvent { action=ACTION_UP, actionButton=0, id[0]=0, x[0]=539.5, y[0]=1073.5, toolType[0]=TOOL_TYPE_FINGER, buttonState=BUTTON_PRIMARY, classification=NONE, metaState=0, flags=0x0, edgeFlags=0x0, pointerCount=1, historySize=0, eventTime=33658744, downTime=33658702, deviceId=-1, source=0x1002, displayId=0, eventId=-364898000 }
11-18 16:36:37.591   353 28951 W RanchuHwc: presentDisplay display has no layers to compose, flushing client target buffer.
11-18 16:36:37.608   353 28951 W RanchuHwc: presentDisplay display has no layers to compose, flushing client target buffer.
11-18 16:36:37.624   353 28951 W RanchuHwc: presentDisplay display has no layers to compose, flushing client target buffer.
11-18 16:36:37.641   353 28951 W RanchuHwc: presentDisplay display has no layers to compose, flushing client target buffer.
11-18 16:36:37.641   402   486 W TransactionTracing: Could not find layer id -1
11-18 16:36:37.658   353 28951 W RanchuHwc: presentDisplay display has no layers to compose, flushing client target buffer.
11-18 16:36:37.674   353 28951 W RanchuHwc: presentDisplay display has no layers to compose, flushing client target buffer.
11-18 16:36:37.691   353 28951 W RanchuHwc: presentDisplay display has no layers to compose, flushing client target buffer.
11-18 16:36:37.707   353 28951 W RanchuHwc: presentDisplay display has no layers to compose, flushing client target buffer.
11-18 16:36:37.725   353 28951 W RanchuHwc: presentDisplay display has no layers to compose, flushing client target buffer.
11-18 16:36:37.844  9137  9137 I ViewInteraction: Performing 'single click' action on view view.getId() is <2131231208/com.example.lunchtray:id/start_order_btn>
11-18 16:36:37.845  1122  1122 D TaplEvents: TIS / TouchInteractionService.onInputEvent: MotionEvent { action=ACTION_DOWN, actionButton=0, id[0]=0, x[0]=540.0, y[0]=1197.5, toolType[0]=TOOL_TYPE_UNKNOWN, buttonState=BUTTON_PRIMARY, classification=NONE, metaState=0, flags=0x0, edgeFlags=0x0, pointerCount=1, historySize=0, eventTime=33659020, downTime=33659020, deviceId=-1, source=0x1002, displayId=0, eventId=-745380899 }
11-18 16:36:37.875   353 28951 W RanchuHwc: presentDisplay display has no layers to compose, flushing client target buffer.
11-18 16:36:37.891   353 28951 W RanchuHwc: presentDisplay display has no layers to compose, flushing client target buffer.
11-18 16:36:37.895  1122  1122 D TaplEvents: TIS / TouchInteractionService.onInputEvent: MotionEvent { action=ACTION_UP, actionButton=0, id[0]=0, x[0]=540.0, y[0]=1197.5, toolType[0]=TOOL_TYPE_FINGER, buttonState=BUTTON_PRIMARY, classification=NONE, metaState=0, flags=0x0, edgeFlags=0x0, pointerCount=1, historySize=0, eventTime=33659070, downTime=33659020, deviceId=-1, source=0x1002, displayId=0, eventId=-148243524 }
11-18 16:36:37.907   353 28951 W RanchuHwc: presentDisplay display has no layers to compose, flushing client target buffer.
11-18 16:36:37.924   353 28951 W RanchuHwc: presentDisplay display has no layers to compose, flushing client target buffer.
11-18 16:36:37.941   353 28951 W RanchuHwc: presentDisplay display has no layers to compose, flushing client target buffer.
11-18 16:36:37.957   353 28951 W RanchuHwc: presentDisplay display has no layers to compose, flushing client target buffer.
11-18 16:36:37.974   353 28951 W RanchuHwc: presentDisplay display has no layers to compose, flushing client target buffer.
11-18 16:36:37.991   353 28951 W RanchuHwc: presentDisplay display has no layers to compose, flushing client target buffer.
11-18 16:36:38.007   353 28951 W RanchuHwc: presentDisplay display has no layers to compose, flushing client target buffer.
11-18 16:36:38.024   353 28951 W RanchuHwc: presentDisplay display has no layers to compose, flushing client target buffer.
11-18 16:36:38.142  9137  9137 I ViewInteraction: Checking 'MatchesViewAssertion{viewMatcher=(view has effective visibility <VISIBLE> and view.getGlobalVisibleRect() to return non-empty rectangle)}' assertion on view an instance of android.widget.TextView and view.getText() with or without transformation to match: is "Subtotal: $0.00"
11-18 16:36:38.143  9137  9156 I TestRunner: finished: order_reset_after_cancel_from_checkout(com.example.lunchtray.OrderFunctionalityTests)
